---
source: src/tests/all_up_sync_test.rs
expression: driver.sent_messages_snapshot()
---
     0ns: #0:    10ms Send(ReportHeads: cutoff: (0:0-0-0-0, 2019-12-31T23:44:00.000Z), heads: [], src: #0, neigh: [])
     0ns: #1:    10ms Send(ReportHeads: cutoff: (0:0-0-0-0, 2019-12-31T23:44:00.000Z), heads: [], src: #1, neigh: [])
     0ns: #2:    10ms Send(ReportHeads: cutoff: (0:0-0-0-0, 2019-12-31T23:44:00.000Z), heads: [], src: #2, neigh: [])
     0ns: #3:    10ms Send(ReportHeads: cutoff: (0:0-0-0-0, 2019-12-31T23:44:00.000Z), heads: [], src: #3, neigh: [])
     0ns: #4:    10ms Send(ReportHeads: cutoff: (0:0-0-0-0, 2019-12-31T23:44:00.000Z), heads: [], src: #4, neigh: [])
     0ns: #5:    10ms Send(ReportHeads: cutoff: (0:0-0-0-0, 2019-12-31T23:44:00.000Z), heads: [], src: #5, neigh: [])
      5s: #5:     0ns Send(ReportHeads: cutoff: (0:0-0-0-0, 2019-12-31T23:44:00.000Z), heads: [], src: #5, neigh: [#0, #1, #2, #3, #4])
      5s: #0:     0ns Send(ReportHeads: cutoff: (0:0-0-0-0, 2019-12-31T23:44:00.000Z), heads: [], src: #0, neigh: [#1, #4, #5])
      5s: #0:    60ms Send(Message: id = "*00:05.000Z"-0-0-0, parents = [], need_ack = false, msg = SyncMessage { value: 1, reset: false, persist: true }, src = #0, origin = #0, retransmit = false)
      5s: #1:     0ns Send(ReportHeads: cutoff: (0:0-0-0-0, 2019-12-31T23:44:00.000Z), heads: [], src: #1, neigh: [#0, #4, #5])
      5s: #2:     0ns Send(ReportHeads: cutoff: (0:0-0-0-0, 2019-12-31T23:44:00.000Z), heads: [], src: #2, neigh: [#3, #4, #5])
      5s: #3:     0ns Send(ReportHeads: cutoff: (0:0-0-0-0, 2019-12-31T23:44:00.000Z), heads: [], src: #3, neigh: [#2, #4, #5])
      5s: #4:     0ns Send(ReportHeads: cutoff: (0:0-0-0-0, 2019-12-31T23:44:00.000Z), heads: [], src: #4, neigh: [#0, #1, #2, #3, #5])
      5s: #1:    60ms Send(Message: id = "*00:05.000Z"-1-0-0, parents = [], need_ack = false, msg = SyncMessage { value: 1, reset: false, persist: true }, src = #1, origin = #1, retransmit = false)
      5s: #2:    60ms Send(Message: id = "*00:05.000Z"-2-0-0, parents = [], need_ack = false, msg = SyncMessage { value: 1, reset: false, persist: true }, src = #2, origin = #2, retransmit = false)
      5s: #3:    60ms Send(Message: id = "*00:05.000Z"-3-0-0, parents = [], need_ack = false, msg = SyncMessage { value: 1, reset: false, persist: true }, src = #3, origin = #3, retransmit = false)
      5s: #4:    64ms Send(Message: id = "*00:05.000Z"-4-0-0, parents = [], need_ack = false, msg = SyncMessage { value: 1, reset: false, persist: true }, src = #4, origin = #4, retransmit = false)
      5s: #5:    64ms Send(Message: id = "*00:05.000Z"-5-0-0, parents = [], need_ack = false, msg = SyncMessage { value: 1, reset: false, persist: true }, src = #5, origin = #5, retransmit = false)
   5.06s: #4:    61ms Send(Message: id = "*00:05.000Z"-0-0-0, parents = [], need_ack = false, msg = SyncMessage { value: 1, reset: false, persist: true }, src = #4, origin = #0, retransmit = false)
   5.06s: #4:   118ms Send(Message: id = "*00:05.000Z"-1-0-0, parents = [], need_ack = false, msg = SyncMessage { value: 1, reset: false, persist: true }, src = #4, origin = #1, retransmit = false)
  5.064s: #4:   171ms Send(Message: id = "*00:05.000Z"-2-0-0, parents = [], need_ack = false, msg = SyncMessage { value: 1, reset: false, persist: true }, src = #4, origin = #2, retransmit = false)
  5.121s: #4:   171ms Send(Message: id = "*00:05.000Z"-3-0-0, parents = [], need_ack = false, msg = SyncMessage { value: 1, reset: false, persist: true }, src = #4, origin = #3, retransmit = false)
     10s: #4:     0ns Send(ReportHeads: cutoff: (0:0-0-0-0, 2019-12-31T23:44:00.000Z), heads: [Head { msg: "*00:05.000Z"-0-0-0, origin: Some(#0) }, Head { msg: "*00:05.000Z"-1-0-0, origin: Some(#1) }, Head { msg: "*00:05.000Z"-2-0-0, origin: Some(#2) }, Head { msg: "*00:05.000Z"-3-0-0, origin: Some(#3) }, Head { msg: "*00:05.000Z"-4-0-0, origin: None }, Head { msg: "*00:05.000Z"-5-0-0, origin: Some(#5) }], src: #4, neigh: [#0, #1, #2, #3, #5])
     10s: #0:     0ns Send(ReportHeads: cutoff: (0:0-0-0-0, 2019-12-31T23:44:00.000Z), heads: [Head { msg: "*00:05.000Z"-0-0-0, origin: Some(#4) }, Head { msg: "*00:05.000Z"-1-0-0, origin: Some(#1) }, Head { msg: "*00:05.000Z"-2-0-0, origin: Some(#4) }, Head { msg: "*00:05.000Z"-3-0-0, origin: Some(#4) }, Head { msg: "*00:05.000Z"-4-0-0, origin: Some(#4) }, Head { msg: "*00:05.000Z"-5-0-0, origin: Some(#5) }], src: #0, neigh: [#1, #4, #5])
     10s: #0:   174ms Send(Message: id = "*00:10.000Z"-6-0-0, parents = ["*00:05.000Z"-0-0-0, "*00:05.000Z"-1-0-0, "*00:05.000Z"-4-0-0, "*00:05.000Z"-5-0-0, "*00:05.000Z"-2-0-0, "*00:05.000Z"-3-0-0], need_ack = false, msg = SyncMessage { value: 1, reset: false, persist: true }, src = #0, origin = #0, retransmit = false)
     10s: #1:     0ns Send(ReportHeads: cutoff: (0:0-0-0-0, 2019-12-31T23:44:00.000Z), heads: [Head { msg: "*00:05.000Z"-0-0-0, origin: Some(#0) }, Head { msg: "*00:05.000Z"-1-0-0, origin: Some(#4) }, Head { msg: "*00:05.000Z"-2-0-0, origin: Some(#4) }, Head { msg: "*00:05.000Z"-3-0-0, origin: Some(#4) }, Head { msg: "*00:05.000Z"-4-0-0, origin: Some(#4) }, Head { msg: "*00:05.000Z"-5-0-0, origin: Some(#5) }], src: #1, neigh: [#0, #4, #5])
     10s: #2:     0ns Send(ReportHeads: cutoff: (0:0-0-0-0, 2019-12-31T23:44:00.000Z), heads: [Head { msg: "*00:05.000Z"-0-0-0, origin: Some(#4) }, Head { msg: "*00:05.000Z"-1-0-0, origin: Some(#4) }, Head { msg: "*00:05.000Z"-2-0-0, origin: Some(#4) }, Head { msg: "*00:05.000Z"-3-0-0, origin: Some(#3) }, Head { msg: "*00:05.000Z"-4-0-0, origin: Some(#4) }, Head { msg: "*00:05.000Z"-5-0-0, origin: Some(#5) }], src: #2, neigh: [#3, #4, #5])
     10s: #3:     0ns Send(ReportHeads: cutoff: (0:0-0-0-0, 2019-12-31T23:44:00.000Z), heads: [Head { msg: "*00:05.000Z"-0-0-0, origin: Some(#4) }, Head { msg: "*00:05.000Z"-1-0-0, origin: Some(#4) }, Head { msg: "*00:05.000Z"-2-0-0, origin: Some(#2) }, Head { msg: "*00:05.000Z"-3-0-0, origin: Some(#4) }, Head { msg: "*00:05.000Z"-4-0-0, origin: Some(#4) }, Head { msg: "*00:05.000Z"-5-0-0, origin: Some(#5) }], src: #3, neigh: [#2, #4, #5])
     10s: #5:     0ns Send(ReportHeads: cutoff: (0:0-0-0-0, 2019-12-31T23:44:00.000Z), heads: [Head { msg: "*00:05.000Z"-0-0-0, origin: Some(#0) }, Head { msg: "*00:05.000Z"-1-0-0, origin: Some(#1) }, Head { msg: "*00:05.000Z"-2-0-0, origin: Some(#2) }, Head { msg: "*00:05.000Z"-3-0-0, origin: Some(#3) }, Head { msg: "*00:05.000Z"-4-0-0, origin: Some(#4) }, Head { msg: "*00:05.000Z"-5-0-0, origin: Some(#4) }], src: #5, neigh: [#0, #1, #2, #3, #4])
     10s: #1:   174ms Send(Message: id = "*00:10.000Z"-7-0-0, parents = ["*00:05.000Z"-1-0-0, "*00:05.000Z"-0-0-0, "*00:05.000Z"-4-0-0, "*00:05.000Z"-5-0-0, "*00:05.000Z"-2-0-0, "*00:05.000Z"-3-0-0], need_ack = false, msg = SyncMessage { value: 1, reset: false, persist: true }, src = #1, origin = #1, retransmit = false)
     10s: #2:   174ms Send(Message: id = "*00:10.000Z"-8-0-0, parents = ["*00:05.000Z"-2-0-0, "*00:05.000Z"-3-0-0, "*00:05.000Z"-4-0-0, "*00:05.000Z"-5-0-0, "*00:05.000Z"-0-0-0, "*00:05.000Z"-1-0-0], need_ack = false, msg = SyncMessage { value: 1, reset: false, persist: true }, src = #2, origin = #2, retransmit = false)
     10s: #3:   174ms Send(Message: id = "*00:10.000Z"-9-0-0, parents = ["*00:05.000Z"-3-0-0, "*00:05.000Z"-2-0-0, "*00:05.000Z"-4-0-0, "*00:05.000Z"-5-0-0, "*00:05.000Z"-0-0-0, "*00:05.000Z"-1-0-0], need_ack = false, msg = SyncMessage { value: 1, reset: false, persist: true }, src = #3, origin = #3, retransmit = false)
     10s: #4:   176ms Send(Message: id = "*00:10.000Z"-a-0-0, parents = ["*00:05.000Z"-4-0-0, "*00:05.000Z"-0-0-0, "*00:05.000Z"-1-0-0, "*00:05.000Z"-2-0-0, "*00:05.000Z"-3-0-0, "*00:05.000Z"-5-0-0], need_ack = false, msg = SyncMessage { value: 1, reset: false, persist: true }, src = #4, origin = #4, retransmit = false)
     10s: #5:   178ms Send(Message: id = "*00:10.000Z"-b-0-0, parents = ["*00:05.000Z"-5-0-0, "*00:05.000Z"-0-0-0, "*00:05.000Z"-1-0-0, "*00:05.000Z"-2-0-0, "*00:05.000Z"-3-0-0, "*00:05.000Z"-4-0-0], need_ack = false, msg = SyncMessage { value: 1, reset: false, persist: true }, src = #5, origin = #5, retransmit = false)
 10.174s: #4:   155ms Send(Message: id = "*00:10.000Z"-6-0-0, parents = ["*00:05.000Z"-0-0-0, "*00:05.000Z"-1-0-0, "*00:05.000Z"-4-0-0, "*00:05.000Z"-5-0-0, "*00:05.000Z"-2-0-0, "*00:05.000Z"-3-0-0], need_ack = false, msg = SyncMessage { value: 1, reset: false, persist: true }, src = #4, origin = #0, retransmit = false)
 10.174s: #4:   307ms Send(Message: id = "*00:10.000Z"-7-0-0, parents = ["*00:05.000Z"-1-0-0, "*00:05.000Z"-0-0-0, "*00:05.000Z"-4-0-0, "*00:05.000Z"-5-0-0, "*00:05.000Z"-2-0-0, "*00:05.000Z"-3-0-0], need_ack = false, msg = SyncMessage { value: 1, reset: false, persist: true }, src = #4, origin = #1, retransmit = false)
 10.176s: #4:   457ms Send(Message: id = "*00:10.000Z"-8-0-0, parents = ["*00:05.000Z"-2-0-0, "*00:05.000Z"-3-0-0, "*00:05.000Z"-4-0-0, "*00:05.000Z"-5-0-0, "*00:05.000Z"-0-0-0, "*00:05.000Z"-1-0-0], need_ack = false, msg = SyncMessage { value: 1, reset: false, persist: true }, src = #4, origin = #2, retransmit = false)
 10.329s: #4:   456ms Send(Message: id = "*00:10.000Z"-9-0-0, parents = ["*00:05.000Z"-3-0-0, "*00:05.000Z"-2-0-0, "*00:05.000Z"-4-0-0, "*00:05.000Z"-5-0-0, "*00:05.000Z"-0-0-0, "*00:05.000Z"-1-0-0], need_ack = false, msg = SyncMessage { value: 1, reset: false, persist: true }, src = #4, origin = #3, retransmit = false)
     15s: #4:     0ns Send(ReportHeads: cutoff: (0:0-0-0-0, 2019-12-31T23:44:00.000Z), heads: [Head { msg: "*00:10.000Z"-6-0-0, origin: Some(#0) }, Head { msg: "*00:10.000Z"-7-0-0, origin: Some(#1) }, Head { msg: "*00:10.000Z"-8-0-0, origin: Some(#2) }, Head { msg: "*00:10.000Z"-9-0-0, origin: Some(#3) }, Head { msg: "*00:10.000Z"-a-0-0, origin: None }, Head { msg: "*00:10.000Z"-b-0-0, origin: Some(#5) }], src: #4, neigh: [#0, #1, #2, #3, #5])
     15s: #0:     0ns Send(ReportHeads: cutoff: (0:0-0-0-0, 2019-12-31T23:44:00.000Z), heads: [Head { msg: "*00:10.000Z"-6-0-0, origin: Some(#4) }, Head { msg: "*00:10.000Z"-7-0-0, origin: Some(#1) }, Head { msg: "*00:10.000Z"-8-0-0, origin: Some(#4) }, Head { msg: "*00:10.000Z"-9-0-0, origin: Some(#4) }, Head { msg: "*00:10.000Z"-a-0-0, origin: Some(#4) }, Head { msg: "*00:10.000Z"-b-0-0, origin: Some(#5) }], src: #0, neigh: [#1, #4, #5])
     15s: #0:   174ms Send(Message: id = "*00:15.000Z"-c-0-0, parents = ["*00:10.000Z"-6-0-0, "*00:10.000Z"-7-0-0, "*00:10.000Z"-a-0-0, "*00:10.000Z"-b-0-0, "*00:10.000Z"-8-0-0, "*00:10.000Z"-9-0-0], need_ack = false, msg = SyncMessage { value: 1, reset: false, persist: true }, src = #0, origin = #0, retransmit = false)
     15s: #1:     0ns Send(ReportHeads: cutoff: (0:0-0-0-0, 2019-12-31T23:44:00.000Z), heads: [Head { msg: "*00:10.000Z"-6-0-0, origin: Some(#0) }, Head { msg: "*00:10.000Z"-7-0-0, origin: Some(#4) }, Head { msg: "*00:10.000Z"-8-0-0, origin: Some(#4) }, Head { msg: "*00:10.000Z"-9-0-0, origin: Some(#4) }, Head { msg: "*00:10.000Z"-a-0-0, origin: Some(#4) }, Head { msg: "*00:10.000Z"-b-0-0, origin: Some(#5) }], src: #1, neigh: [#0, #4, #5])
     15s: #2:     0ns Send(ReportHeads: cutoff: (0:0-0-0-0, 2019-12-31T23:44:00.000Z), heads: [Head { msg: "*00:10.000Z"-6-0-0, origin: Some(#4) }, Head { msg: "*00:10.000Z"-7-0-0, origin: Some(#4) }, Head { msg: "*00:10.000Z"-8-0-0, origin: Some(#4) }, Head { msg: "*00:10.000Z"-9-0-0, origin: Some(#3) }, Head { msg: "*00:10.000Z"-a-0-0, origin: Some(#4) }, Head { msg: "*00:10.000Z"-b-0-0, origin: Some(#5) }], src: #2, neigh: [#3, #4, #5])
     15s: #3:     0ns Send(ReportHeads: cutoff: (0:0-0-0-0, 2019-12-31T23:44:00.000Z), heads: [Head { msg: "*00:10.000Z"-6-0-0, origin: Some(#4) }, Head { msg: "*00:10.000Z"-7-0-0, origin: Some(#4) }, Head { msg: "*00:10.000Z"-8-0-0, origin: Some(#2) }, Head { msg: "*00:10.000Z"-9-0-0, origin: Some(#4) }, Head { msg: "*00:10.000Z"-a-0-0, origin: Some(#4) }, Head { msg: "*00:10.000Z"-b-0-0, origin: Some(#5) }], src: #3, neigh: [#2, #4, #5])
     15s: #5:     0ns Send(ReportHeads: cutoff: (0:0-0-0-0, 2019-12-31T23:44:00.000Z), heads: [Head { msg: "*00:10.000Z"-6-0-0, origin: Some(#0) }, Head { msg: "*00:10.000Z"-7-0-0, origin: Some(#1) }, Head { msg: "*00:10.000Z"-8-0-0, origin: Some(#2) }, Head { msg: "*00:10.000Z"-9-0-0, origin: Some(#3) }, Head { msg: "*00:10.000Z"-a-0-0, origin: Some(#4) }, Head { msg: "*00:10.000Z"-b-0-0, origin: Some(#4) }], src: #5, neigh: [#0, #1, #2, #3, #4])
     15s: #1:   174ms Send(Message: id = "*00:15.000Z"-d-0-0, parents = ["*00:10.000Z"-7-0-0, "*00:10.000Z"-6-0-0, "*00:10.000Z"-a-0-0, "*00:10.000Z"-b-0-0, "*00:10.000Z"-8-0-0, "*00:10.000Z"-9-0-0], need_ack = false, msg = SyncMessage { value: 1, reset: false, persist: true }, src = #1, origin = #1, retransmit = false)
     15s: #2:   174ms Send(Message: id = "*00:15.000Z"-e-0-0, parents = ["*00:10.000Z"-8-0-0, "*00:10.000Z"-9-0-0, "*00:10.000Z"-a-0-0, "*00:10.000Z"-b-0-0, "*00:10.000Z"-6-0-0, "*00:10.000Z"-7-0-0], need_ack = false, msg = SyncMessage { value: 1, reset: false, persist: true }, src = #2, origin = #2, retransmit = false)
     15s: #3:   174ms Send(Message: id = "*00:15.000Z"-f-0-0, parents = ["*00:10.000Z"-9-0-0, "*00:10.000Z"-8-0-0, "*00:10.000Z"-a-0-0, "*00:10.000Z"-b-0-0, "*00:10.000Z"-6-0-0, "*00:10.000Z"-7-0-0], need_ack = false, msg = SyncMessage { value: 1, reset: false, persist: true }, src = #3, origin = #3, retransmit = false)
     15s: #4:   176ms Send(Message: id = "*00:15.000Z"-10-0-0, parents = ["*00:10.000Z"-a-0-0, "*00:10.000Z"-6-0-0, "*00:10.000Z"-7-0-0, "*00:10.000Z"-8-0-0, "*00:10.000Z"-9-0-0, "*00:10.000Z"-b-0-0], need_ack = false, msg = SyncMessage { value: 1, reset: false, persist: true }, src = #4, origin = #4, retransmit = false)
     15s: #5:   178ms Send(Message: id = "*00:15.000Z"-11-0-0, parents = ["*00:10.000Z"-b-0-0, "*00:10.000Z"-6-0-0, "*00:10.000Z"-7-0-0, "*00:10.000Z"-8-0-0, "*00:10.000Z"-9-0-0, "*00:10.000Z"-a-0-0], need_ack = false, msg = SyncMessage { value: 1, reset: false, persist: true }, src = #5, origin = #5, retransmit = false)
 15.174s: #4:   155ms Send(Message: id = "*00:15.000Z"-c-0-0, parents = ["*00:10.000Z"-6-0-0, "*00:10.000Z"-7-0-0, "*00:10.000Z"-a-0-0, "*00:10.000Z"-b-0-0, "*00:10.000Z"-8-0-0, "*00:10.000Z"-9-0-0], need_ack = false, msg = SyncMessage { value: 1, reset: false, persist: true }, src = #4, origin = #0, retransmit = false)
 15.174s: #4:   307ms Send(Message: id = "*00:15.000Z"-d-0-0, parents = ["*00:10.000Z"-7-0-0, "*00:10.000Z"-6-0-0, "*00:10.000Z"-a-0-0, "*00:10.000Z"-b-0-0, "*00:10.000Z"-8-0-0, "*00:10.000Z"-9-0-0], need_ack = false, msg = SyncMessage { value: 1, reset: false, persist: true }, src = #4, origin = #1, retransmit = false)
 15.176s: #4:   457ms Send(Message: id = "*00:15.000Z"-e-0-0, parents = ["*00:10.000Z"-8-0-0, "*00:10.000Z"-9-0-0, "*00:10.000Z"-a-0-0, "*00:10.000Z"-b-0-0, "*00:10.000Z"-6-0-0, "*00:10.000Z"-7-0-0], need_ack = false, msg = SyncMessage { value: 1, reset: false, persist: true }, src = #4, origin = #2, retransmit = false)
 15.329s: #4:   456ms Send(Message: id = "*00:15.000Z"-f-0-0, parents = ["*00:10.000Z"-9-0-0, "*00:10.000Z"-8-0-0, "*00:10.000Z"-a-0-0, "*00:10.000Z"-b-0-0, "*00:10.000Z"-6-0-0, "*00:10.000Z"-7-0-0], need_ack = false, msg = SyncMessage { value: 1, reset: false, persist: true }, src = #4, origin = #3, retransmit = false)
     20s: #4:     0ns Send(ReportHeads: cutoff: (0:0-0-0-0, 2019-12-31T23:44:00.000Z), heads: [Head { msg: "*00:15.000Z"-c-0-0, origin: Some(#0) }, Head { msg: "*00:15.000Z"-d-0-0, origin: Some(#1) }, Head { msg: "*00:15.000Z"-e-0-0, origin: Some(#2) }, Head { msg: "*00:15.000Z"-f-0-0, origin: Some(#3) }, Head { msg: "*00:15.000Z"-10-0-0, origin: None }, Head { msg: "*00:15.000Z"-11-0-0, origin: Some(#5) }], src: #4, neigh: [#0, #1, #2, #3, #5])
     20s: #0:     0ns Send(ReportHeads: cutoff: (0:0-0-0-0, 2019-12-31T23:44:00.000Z), heads: [Head { msg: "*00:15.000Z"-c-0-0, origin: Some(#4) }, Head { msg: "*00:15.000Z"-d-0-0, origin: Some(#1) }, Head { msg: "*00:15.000Z"-e-0-0, origin: Some(#4) }, Head { msg: "*00:15.000Z"-f-0-0, origin: Some(#4) }, Head { msg: "*00:15.000Z"-10-0-0, origin: Some(#4) }, Head { msg: "*00:15.000Z"-11-0-0, origin: Some(#5) }], src: #0, neigh: [#1, #4, #5])
     20s: #0:   174ms Send(Message: id = "*00:20.000Z"-12-0-0, parents = ["*00:15.000Z"-c-0-0, "*00:15.000Z"-d-0-0, "*00:15.000Z"-10-0-0, "*00:15.000Z"-11-0-0, "*00:15.000Z"-e-0-0, "*00:15.000Z"-f-0-0], need_ack = false, msg = SyncMessage { value: 1, reset: false, persist: true }, src = #0, origin = #0, retransmit = false)
     20s: #1:     0ns Send(ReportHeads: cutoff: (0:0-0-0-0, 2019-12-31T23:44:00.000Z), heads: [Head { msg: "*00:15.000Z"-c-0-0, origin: Some(#0) }, Head { msg: "*00:15.000Z"-d-0-0, origin: Some(#4) }, Head { msg: "*00:15.000Z"-e-0-0, origin: Some(#4) }, Head { msg: "*00:15.000Z"-f-0-0, origin: Some(#4) }, Head { msg: "*00:15.000Z"-10-0-0, origin: Some(#4) }, Head { msg: "*00:15.000Z"-11-0-0, origin: Some(#5) }], src: #1, neigh: [#0, #4, #5])
     20s: #2:     0ns Send(ReportHeads: cutoff: (0:0-0-0-0, 2019-12-31T23:44:00.000Z), heads: [Head { msg: "*00:15.000Z"-c-0-0, origin: Some(#4) }, Head { msg: "*00:15.000Z"-d-0-0, origin: Some(#4) }, Head { msg: "*00:15.000Z"-e-0-0, origin: Some(#4) }, Head { msg: "*00:15.000Z"-f-0-0, origin: Some(#3) }, Head { msg: "*00:15.000Z"-10-0-0, origin: Some(#4) }, Head { msg: "*00:15.000Z"-11-0-0, origin: Some(#5) }], src: #2, neigh: [#3, #4, #5])
     20s: #3:     0ns Send(ReportHeads: cutoff: (0:0-0-0-0, 2019-12-31T23:44:00.000Z), heads: [Head { msg: "*00:15.000Z"-c-0-0, origin: Some(#4) }, Head { msg: "*00:15.000Z"-d-0-0, origin: Some(#4) }, Head { msg: "*00:15.000Z"-e-0-0, origin: Some(#2) }, Head { msg: "*00:15.000Z"-f-0-0, origin: Some(#4) }, Head { msg: "*00:15.000Z"-10-0-0, origin: Some(#4) }, Head { msg: "*00:15.000Z"-11-0-0, origin: Some(#5) }], src: #3, neigh: [#2, #4, #5])
     20s: #5:     0ns Send(ReportHeads: cutoff: (0:0-0-0-0, 2019-12-31T23:44:00.000Z), heads: [Head { msg: "*00:15.000Z"-c-0-0, origin: Some(#0) }, Head { msg: "*00:15.000Z"-d-0-0, origin: Some(#1) }, Head { msg: "*00:15.000Z"-e-0-0, origin: Some(#2) }, Head { msg: "*00:15.000Z"-f-0-0, origin: Some(#3) }, Head { msg: "*00:15.000Z"-10-0-0, origin: Some(#4) }, Head { msg: "*00:15.000Z"-11-0-0, origin: Some(#4) }], src: #5, neigh: [#0, #1, #2, #3, #4])
     20s: #1:   174ms Send(Message: id = "*00:20.000Z"-13-0-0, parents = ["*00:15.000Z"-d-0-0, "*00:15.000Z"-c-0-0, "*00:15.000Z"-10-0-0, "*00:15.000Z"-11-0-0, "*00:15.000Z"-e-0-0, "*00:15.000Z"-f-0-0], need_ack = false, msg = SyncMessage { value: 1, reset: false, persist: true }, src = #1, origin = #1, retransmit = false)
     20s: #2:   174ms Send(Message: id = "*00:20.000Z"-14-0-0, parents = ["*00:15.000Z"-e-0-0, "*00:15.000Z"-f-0-0, "*00:15.000Z"-10-0-0, "*00:15.000Z"-11-0-0, "*00:15.000Z"-c-0-0, "*00:15.000Z"-d-0-0], need_ack = false, msg = SyncMessage { value: 1, reset: false, persist: true }, src = #2, origin = #2, retransmit = false)
     20s: #3:   174ms Send(Message: id = "*00:20.000Z"-15-0-0, parents = ["*00:15.000Z"-f-0-0, "*00:15.000Z"-e-0-0, "*00:15.000Z"-10-0-0, "*00:15.000Z"-11-0-0, "*00:15.000Z"-c-0-0, "*00:15.000Z"-d-0-0], need_ack = false, msg = SyncMessage { value: 1, reset: false, persist: true }, src = #3, origin = #3, retransmit = false)
     20s: #4:   176ms Send(Message: id = "*00:20.000Z"-16-0-0, parents = ["*00:15.000Z"-10-0-0, "*00:15.000Z"-c-0-0, "*00:15.000Z"-d-0-0, "*00:15.000Z"-e-0-0, "*00:15.000Z"-f-0-0, "*00:15.000Z"-11-0-0], need_ack = false, msg = SyncMessage { value: 1, reset: false, persist: true }, src = #4, origin = #4, retransmit = false)
     20s: #5:   178ms Send(Message: id = "*00:20.000Z"-17-0-0, parents = ["*00:15.000Z"-11-0-0, "*00:15.000Z"-c-0-0, "*00:15.000Z"-d-0-0, "*00:15.000Z"-e-0-0, "*00:15.000Z"-f-0-0, "*00:15.000Z"-10-0-0], need_ack = false, msg = SyncMessage { value: 1, reset: false, persist: true }, src = #5, origin = #5, retransmit = false)
 20.174s: #4:   155ms Send(Message: id = "*00:20.000Z"-12-0-0, parents = ["*00:15.000Z"-c-0-0, "*00:15.000Z"-d-0-0, "*00:15.000Z"-10-0-0, "*00:15.000Z"-11-0-0, "*00:15.000Z"-e-0-0, "*00:15.000Z"-f-0-0], need_ack = false, msg = SyncMessage { value: 1, reset: false, persist: true }, src = #4, origin = #0, retransmit = false)
 20.174s: #4:   307ms Send(Message: id = "*00:20.000Z"-13-0-0, parents = ["*00:15.000Z"-d-0-0, "*00:15.000Z"-c-0-0, "*00:15.000Z"-10-0-0, "*00:15.000Z"-11-0-0, "*00:15.000Z"-e-0-0, "*00:15.000Z"-f-0-0], need_ack = false, msg = SyncMessage { value: 1, reset: false, persist: true }, src = #4, origin = #1, retransmit = false)
 20.176s: #4:   457ms Send(Message: id = "*00:20.000Z"-14-0-0, parents = ["*00:15.000Z"-e-0-0, "*00:15.000Z"-f-0-0, "*00:15.000Z"-10-0-0, "*00:15.000Z"-11-0-0, "*00:15.000Z"-c-0-0, "*00:15.000Z"-d-0-0], need_ack = false, msg = SyncMessage { value: 1, reset: false, persist: true }, src = #4, origin = #2, retransmit = false)
 20.329s: #4:   456ms Send(Message: id = "*00:20.000Z"-15-0-0, parents = ["*00:15.000Z"-f-0-0, "*00:15.000Z"-e-0-0, "*00:15.000Z"-10-0-0, "*00:15.000Z"-11-0-0, "*00:15.000Z"-c-0-0, "*00:15.000Z"-d-0-0], need_ack = false, msg = SyncMessage { value: 1, reset: false, persist: true }, src = #4, origin = #3, retransmit = false)
     25s: #4:     0ns Send(ReportHeads: cutoff: (0:0-0-0-0, 2019-12-31T23:44:00.000Z), heads: [Head { msg: "*00:20.000Z"-12-0-0, origin: Some(#0) }, Head { msg: "*00:20.000Z"-13-0-0, origin: Some(#1) }, Head { msg: "*00:20.000Z"-14-0-0, origin: Some(#2) }, Head { msg: "*00:20.000Z"-15-0-0, origin: Some(#3) }, Head { msg: "*00:20.000Z"-16-0-0, origin: None }, Head { msg: "*00:20.000Z"-17-0-0, origin: Some(#5) }], src: #4, neigh: [#0, #1, #2, #3, #5])
     25s: #0:     0ns Send(ReportHeads: cutoff: (0:0-0-0-0, 2019-12-31T23:44:00.000Z), heads: [Head { msg: "*00:20.000Z"-12-0-0, origin: Some(#4) }, Head { msg: "*00:20.000Z"-13-0-0, origin: Some(#1) }, Head { msg: "*00:20.000Z"-14-0-0, origin: Some(#4) }, Head { msg: "*00:20.000Z"-15-0-0, origin: Some(#4) }, Head { msg: "*00:20.000Z"-16-0-0, origin: Some(#4) }, Head { msg: "*00:20.000Z"-17-0-0, origin: Some(#5) }], src: #0, neigh: [#1, #4, #5])
     25s: #0:   174ms Send(Message: id = "*00:25.000Z"-18-0-0, parents = ["*00:20.000Z"-12-0-0, "*00:20.000Z"-13-0-0, "*00:20.000Z"-16-0-0, "*00:20.000Z"-17-0-0, "*00:20.000Z"-14-0-0, "*00:20.000Z"-15-0-0], need_ack = false, msg = SyncMessage { value: 1, reset: false, persist: true }, src = #0, origin = #0, retransmit = false)
     25s: #1:     0ns Send(ReportHeads: cutoff: (0:0-0-0-0, 2019-12-31T23:44:00.000Z), heads: [Head { msg: "*00:20.000Z"-12-0-0, origin: Some(#0) }, Head { msg: "*00:20.000Z"-13-0-0, origin: Some(#4) }, Head { msg: "*00:20.000Z"-14-0-0, origin: Some(#4) }, Head { msg: "*00:20.000Z"-15-0-0, origin: Some(#4) }, Head { msg: "*00:20.000Z"-16-0-0, origin: Some(#4) }, Head { msg: "*00:20.000Z"-17-0-0, origin: Some(#5) }], src: #1, neigh: [#0, #4, #5])
     25s: #2:     0ns Send(ReportHeads: cutoff: (0:0-0-0-0, 2019-12-31T23:44:00.000Z), heads: [Head { msg: "*00:20.000Z"-12-0-0, origin: Some(#4) }, Head { msg: "*00:20.000Z"-13-0-0, origin: Some(#4) }, Head { msg: "*00:20.000Z"-14-0-0, origin: Some(#4) }, Head { msg: "*00:20.000Z"-15-0-0, origin: Some(#3) }, Head { msg: "*00:20.000Z"-16-0-0, origin: Some(#4) }, Head { msg: "*00:20.000Z"-17-0-0, origin: Some(#5) }], src: #2, neigh: [#3, #4, #5])
     25s: #3:     0ns Send(ReportHeads: cutoff: (0:0-0-0-0, 2019-12-31T23:44:00.000Z), heads: [Head { msg: "*00:20.000Z"-12-0-0, origin: Some(#4) }, Head { msg: "*00:20.000Z"-13-0-0, origin: Some(#4) }, Head { msg: "*00:20.000Z"-14-0-0, origin: Some(#2) }, Head { msg: "*00:20.000Z"-15-0-0, origin: Some(#4) }, Head { msg: "*00:20.000Z"-16-0-0, origin: Some(#4) }, Head { msg: "*00:20.000Z"-17-0-0, origin: Some(#5) }], src: #3, neigh: [#2, #4, #5])
     25s: #5:     0ns Send(ReportHeads: cutoff: (0:0-0-0-0, 2019-12-31T23:44:00.000Z), heads: [Head { msg: "*00:20.000Z"-12-0-0, origin: Some(#0) }, Head { msg: "*00:20.000Z"-13-0-0, origin: Some(#1) }, Head { msg: "*00:20.000Z"-14-0-0, origin: Some(#2) }, Head { msg: "*00:20.000Z"-15-0-0, origin: Some(#3) }, Head { msg: "*00:20.000Z"-16-0-0, origin: Some(#4) }, Head { msg: "*00:20.000Z"-17-0-0, origin: Some(#4) }], src: #5, neigh: [#0, #1, #2, #3, #4])
     25s: #1:   174ms Send(Message: id = "*00:25.000Z"-19-0-0, parents = ["*00:20.000Z"-13-0-0, "*00:20.000Z"-12-0-0, "*00:20.000Z"-16-0-0, "*00:20.000Z"-17-0-0, "*00:20.000Z"-14-0-0, "*00:20.000Z"-15-0-0], need_ack = false, msg = SyncMessage { value: 1, reset: false, persist: true }, src = #1, origin = #1, retransmit = false)
     25s: #2:   174ms Send(Message: id = "*00:25.000Z"-1a-0-0, parents = ["*00:20.000Z"-14-0-0, "*00:20.000Z"-15-0-0, "*00:20.000Z"-16-0-0, "*00:20.000Z"-17-0-0, "*00:20.000Z"-12-0-0, "*00:20.000Z"-13-0-0], need_ack = false, msg = SyncMessage { value: 1, reset: false, persist: true }, src = #2, origin = #2, retransmit = false)
     25s: #3:   174ms Send(Message: id = "*00:25.000Z"-1b-0-0, parents = ["*00:20.000Z"-15-0-0, "*00:20.000Z"-14-0-0, "*00:20.000Z"-16-0-0, "*00:20.000Z"-17-0-0, "*00:20.000Z"-12-0-0, "*00:20.000Z"-13-0-0], need_ack = false, msg = SyncMessage { value: 1, reset: false, persist: true }, src = #3, origin = #3, retransmit = false)
     25s: #4:   176ms Send(Message: id = "*00:25.000Z"-1c-0-0, parents = ["*00:20.000Z"-16-0-0, "*00:20.000Z"-12-0-0, "*00:20.000Z"-13-0-0, "*00:20.000Z"-14-0-0, "*00:20.000Z"-15-0-0, "*00:20.000Z"-17-0-0], need_ack = false, msg = SyncMessage { value: 1, reset: false, persist: true }, src = #4, origin = #4, retransmit = false)
     25s: #5:   178ms Send(Message: id = "*00:25.000Z"-1d-0-0, parents = ["*00:20.000Z"-17-0-0, "*00:20.000Z"-12-0-0, "*00:20.000Z"-13-0-0, "*00:20.000Z"-14-0-0, "*00:20.000Z"-15-0-0, "*00:20.000Z"-16-0-0], need_ack = false, msg = SyncMessage { value: 1, reset: false, persist: true }, src = #5, origin = #5, retransmit = false)
 25.174s: #4:   155ms Send(Message: id = "*00:25.000Z"-18-0-0, parents = ["*00:20.000Z"-12-0-0, "*00:20.000Z"-13-0-0, "*00:20.000Z"-16-0-0, "*00:20.000Z"-17-0-0, "*00:20.000Z"-14-0-0, "*00:20.000Z"-15-0-0], need_ack = false, msg = SyncMessage { value: 1, reset: false, persist: true }, src = #4, origin = #0, retransmit = false)
 25.174s: #4:   307ms Send(Message: id = "*00:25.000Z"-19-0-0, parents = ["*00:20.000Z"-13-0-0, "*00:20.000Z"-12-0-0, "*00:20.000Z"-16-0-0, "*00:20.000Z"-17-0-0, "*00:20.000Z"-14-0-0, "*00:20.000Z"-15-0-0], need_ack = false, msg = SyncMessage { value: 1, reset: false, persist: true }, src = #4, origin = #1, retransmit = false)
 25.176s: #4:   457ms Send(Message: id = "*00:25.000Z"-1a-0-0, parents = ["*00:20.000Z"-14-0-0, "*00:20.000Z"-15-0-0, "*00:20.000Z"-16-0-0, "*00:20.000Z"-17-0-0, "*00:20.000Z"-12-0-0, "*00:20.000Z"-13-0-0], need_ack = false, msg = SyncMessage { value: 1, reset: false, persist: true }, src = #4, origin = #2, retransmit = false)
 25.329s: #4:   456ms Send(Message: id = "*00:25.000Z"-1b-0-0, parents = ["*00:20.000Z"-15-0-0, "*00:20.000Z"-14-0-0, "*00:20.000Z"-16-0-0, "*00:20.000Z"-17-0-0, "*00:20.000Z"-12-0-0, "*00:20.000Z"-13-0-0], need_ack = false, msg = SyncMessage { value: 1, reset: false, persist: true }, src = #4, origin = #3, retransmit = false)
     30s: #4:     0ns Send(ReportHeads: cutoff: (0:0-0-0-0, 2019-12-31T23:44:00.000Z), heads: [Head { msg: "*00:25.000Z"-18-0-0, origin: Some(#0) }, Head { msg: "*00:25.000Z"-19-0-0, origin: Some(#1) }, Head { msg: "*00:25.000Z"-1a-0-0, origin: Some(#2) }, Head { msg: "*00:25.000Z"-1b-0-0, origin: Some(#3) }, Head { msg: "*00:25.000Z"-1c-0-0, origin: None }, Head { msg: "*00:25.000Z"-1d-0-0, origin: Some(#5) }], src: #4, neigh: [#0, #1, #2, #3, #5])
     30s: #0:     0ns Send(ReportHeads: cutoff: (0:0-0-0-0, 2019-12-31T23:44:00.000Z), heads: [Head { msg: "*00:25.000Z"-18-0-0, origin: Some(#4) }, Head { msg: "*00:25.000Z"-19-0-0, origin: Some(#1) }, Head { msg: "*00:25.000Z"-1a-0-0, origin: Some(#4) }, Head { msg: "*00:25.000Z"-1b-0-0, origin: Some(#4) }, Head { msg: "*00:25.000Z"-1c-0-0, origin: Some(#4) }, Head { msg: "*00:25.000Z"-1d-0-0, origin: Some(#5) }], src: #0, neigh: [#1, #4, #5])
     30s: #1:     0ns Send(ReportHeads: cutoff: (0:0-0-0-0, 2019-12-31T23:44:00.000Z), heads: [Head { msg: "*00:25.000Z"-18-0-0, origin: Some(#0) }, Head { msg: "*00:25.000Z"-19-0-0, origin: Some(#4) }, Head { msg: "*00:25.000Z"-1a-0-0, origin: Some(#4) }, Head { msg: "*00:25.000Z"-1b-0-0, origin: Some(#4) }, Head { msg: "*00:25.000Z"-1c-0-0, origin: Some(#4) }, Head { msg: "*00:25.000Z"-1d-0-0, origin: Some(#5) }], src: #1, neigh: [#0, #4, #5])
     30s: #2:     0ns Send(ReportHeads: cutoff: (0:0-0-0-0, 2019-12-31T23:44:00.000Z), heads: [Head { msg: "*00:25.000Z"-18-0-0, origin: Some(#4) }, Head { msg: "*00:25.000Z"-19-0-0, origin: Some(#4) }, Head { msg: "*00:25.000Z"-1a-0-0, origin: Some(#4) }, Head { msg: "*00:25.000Z"-1b-0-0, origin: Some(#3) }, Head { msg: "*00:25.000Z"-1c-0-0, origin: Some(#4) }, Head { msg: "*00:25.000Z"-1d-0-0, origin: Some(#5) }], src: #2, neigh: [#3, #4, #5])
     30s: #3:     0ns Send(ReportHeads: cutoff: (0:0-0-0-0, 2019-12-31T23:44:00.000Z), heads: [Head { msg: "*00:25.000Z"-18-0-0, origin: Some(#4) }, Head { msg: "*00:25.000Z"-19-0-0, origin: Some(#4) }, Head { msg: "*00:25.000Z"-1a-0-0, origin: Some(#2) }, Head { msg: "*00:25.000Z"-1b-0-0, origin: Some(#4) }, Head { msg: "*00:25.000Z"-1c-0-0, origin: Some(#4) }, Head { msg: "*00:25.000Z"-1d-0-0, origin: Some(#5) }], src: #3, neigh: [#2, #4, #5])
     30s: #5:     0ns Send(ReportHeads: cutoff: (0:0-0-0-0, 2019-12-31T23:44:00.000Z), heads: [Head { msg: "*00:25.000Z"-18-0-0, origin: Some(#0) }, Head { msg: "*00:25.000Z"-19-0-0, origin: Some(#1) }, Head { msg: "*00:25.000Z"-1a-0-0, origin: Some(#2) }, Head { msg: "*00:25.000Z"-1b-0-0, origin: Some(#3) }, Head { msg: "*00:25.000Z"-1c-0-0, origin: Some(#4) }, Head { msg: "*00:25.000Z"-1d-0-0, origin: Some(#4) }], src: #5, neigh: [#0, #1, #2, #3, #4])
     35s: #5:     0ns Send(ReportHeads: cutoff: (0:0-0-0-0, 2019-12-31T23:44:00.000Z), heads: [Head { msg: "*00:25.000Z"-18-0-0, origin: Some(#0) }, Head { msg: "*00:25.000Z"-19-0-0, origin: Some(#1) }, Head { msg: "*00:25.000Z"-1a-0-0, origin: Some(#2) }, Head { msg: "*00:25.000Z"-1b-0-0, origin: Some(#3) }, Head { msg: "*00:25.000Z"-1c-0-0, origin: Some(#4) }, Head { msg: "*00:25.000Z"-1d-0-0, origin: Some(#4) }], src: #5, neigh: [#0, #1, #2, #3, #4])
     35s: #4:     0ns Send(ReportHeads: cutoff: (0:0-0-0-0, 2019-12-31T23:44:00.000Z), heads: [Head { msg: "*00:25.000Z"-18-0-0, origin: Some(#0) }, Head { msg: "*00:25.000Z"-19-0-0, origin: Some(#1) }, Head { msg: "*00:25.000Z"-1a-0-0, origin: Some(#2) }, Head { msg: "*00:25.000Z"-1b-0-0, origin: Some(#3) }, Head { msg: "*00:25.000Z"-1c-0-0, origin: Some(#0) }, Head { msg: "*00:25.000Z"-1d-0-0, origin: Some(#5) }], src: #4, neigh: [#0, #1, #2, #3, #5])
     35s: #0:     0ns Send(ReportHeads: cutoff: (0:0-0-0-0, 2019-12-31T23:44:00.000Z), heads: [Head { msg: "*00:25.000Z"-18-0-0, origin: Some(#4) }, Head { msg: "*00:25.000Z"-19-0-0, origin: Some(#1) }, Head { msg: "*00:25.000Z"-1a-0-0, origin: Some(#4) }, Head { msg: "*00:25.000Z"-1b-0-0, origin: Some(#4) }, Head { msg: "*00:25.000Z"-1c-0-0, origin: Some(#4) }, Head { msg: "*00:25.000Z"-1d-0-0, origin: Some(#5) }], src: #0, neigh: [#1, #4, #5])
     35s: #1:     0ns Send(ReportHeads: cutoff: (0:0-0-0-0, 2019-12-31T23:44:00.000Z), heads: [Head { msg: "*00:25.000Z"-18-0-0, origin: Some(#0) }, Head { msg: "*00:25.000Z"-19-0-0, origin: Some(#4) }, Head { msg: "*00:25.000Z"-1a-0-0, origin: Some(#4) }, Head { msg: "*00:25.000Z"-1b-0-0, origin: Some(#4) }, Head { msg: "*00:25.000Z"-1c-0-0, origin: Some(#4) }, Head { msg: "*00:25.000Z"-1d-0-0, origin: Some(#5) }], src: #1, neigh: [#0, #4, #5])
     35s: #2:     0ns Send(ReportHeads: cutoff: (0:0-0-0-0, 2019-12-31T23:44:00.000Z), heads: [Head { msg: "*00:25.000Z"-18-0-0, origin: Some(#4) }, Head { msg: "*00:25.000Z"-19-0-0, origin: Some(#4) }, Head { msg: "*00:25.000Z"-1a-0-0, origin: Some(#4) }, Head { msg: "*00:25.000Z"-1b-0-0, origin: Some(#3) }, Head { msg: "*00:25.000Z"-1c-0-0, origin: Some(#4) }, Head { msg: "*00:25.000Z"-1d-0-0, origin: Some(#5) }], src: #2, neigh: [#3, #4, #5])
     35s: #3:     0ns Send(ReportHeads: cutoff: (0:0-0-0-0, 2019-12-31T23:44:00.000Z), heads: [Head { msg: "*00:25.000Z"-18-0-0, origin: Some(#4) }, Head { msg: "*00:25.000Z"-19-0-0, origin: Some(#4) }, Head { msg: "*00:25.000Z"-1a-0-0, origin: Some(#2) }, Head { msg: "*00:25.000Z"-1b-0-0, origin: Some(#4) }, Head { msg: "*00:25.000Z"-1c-0-0, origin: Some(#4) }, Head { msg: "*00:25.000Z"-1d-0-0, origin: Some(#5) }], src: #3, neigh: [#2, #4, #5])
     40s: #1:     0ns Send(ReportHeads: cutoff: (0:0-0-0-0, 2019-12-31T23:44:00.000Z), heads: [Head { msg: "*00:25.000Z"-18-0-0, origin: Some(#0) }, Head { msg: "*00:25.000Z"-19-0-0, origin: Some(#4) }, Head { msg: "*00:25.000Z"-1a-0-0, origin: Some(#4) }, Head { msg: "*00:25.000Z"-1b-0-0, origin: Some(#4) }, Head { msg: "*00:25.000Z"-1c-0-0, origin: Some(#4) }, Head { msg: "*00:25.000Z"-1d-0-0, origin: Some(#5) }], src: #1, neigh: [#0, #4, #5])
     40s: #3:     0ns Send(ReportHeads: cutoff: (0:0-0-0-0, 2019-12-31T23:44:00.000Z), heads: [Head { msg: "*00:25.000Z"-18-0-0, origin: Some(#4) }, Head { msg: "*00:25.000Z"-19-0-0, origin: Some(#4) }, Head { msg: "*00:25.000Z"-1a-0-0, origin: Some(#2) }, Head { msg: "*00:25.000Z"-1b-0-0, origin: Some(#4) }, Head { msg: "*00:25.000Z"-1c-0-0, origin: Some(#4) }, Head { msg: "*00:25.000Z"-1d-0-0, origin: Some(#5) }], src: #3, neigh: [#2, #4, #5])
     40s: #5:     0ns Send(ReportHeads: cutoff: (0:0-0-0-0, 2019-12-31T23:44:00.000Z), heads: [Head { msg: "*00:25.000Z"-18-0-0, origin: Some(#0) }, Head { msg: "*00:25.000Z"-19-0-0, origin: Some(#1) }, Head { msg: "*00:25.000Z"-1a-0-0, origin: Some(#2) }, Head { msg: "*00:25.000Z"-1b-0-0, origin: Some(#3) }, Head { msg: "*00:25.000Z"-1c-0-0, origin: Some(#4) }, Head { msg: "*00:25.000Z"-1d-0-0, origin: Some(#4) }], src: #5, neigh: [#0, #1, #2, #3, #4])
     40s: #4:     0ns Send(ReportHeads: cutoff: (0:0-0-0-0, 2019-12-31T23:44:00.000Z), heads: [Head { msg: "*00:25.000Z"-18-0-0, origin: Some(#0) }, Head { msg: "*00:25.000Z"-19-0-0, origin: Some(#1) }, Head { msg: "*00:25.000Z"-1a-0-0, origin: Some(#2) }, Head { msg: "*00:25.000Z"-1b-0-0, origin: Some(#3) }, Head { msg: "*00:25.000Z"-1c-0-0, origin: Some(#0) }, Head { msg: "*00:25.000Z"-1d-0-0, origin: Some(#5) }], src: #4, neigh: [#0, #1, #2, #3, #5])
     40s: #0:     0ns Send(ReportHeads: cutoff: (0:0-0-0-0, 2019-12-31T23:44:00.000Z), heads: [Head { msg: "*00:25.000Z"-18-0-0, origin: Some(#4) }, Head { msg: "*00:25.000Z"-19-0-0, origin: Some(#1) }, Head { msg: "*00:25.000Z"-1a-0-0, origin: Some(#4) }, Head { msg: "*00:25.000Z"-1b-0-0, origin: Some(#4) }, Head { msg: "*00:25.000Z"-1c-0-0, origin: Some(#4) }, Head { msg: "*00:25.000Z"-1d-0-0, origin: Some(#5) }], src: #0, neigh: [#1, #4, #5])
     40s: #2:     0ns Send(ReportHeads: cutoff: (0:0-0-0-0, 2019-12-31T23:44:00.000Z), heads: [Head { msg: "*00:25.000Z"-18-0-0, origin: Some(#4) }, Head { msg: "*00:25.000Z"-19-0-0, origin: Some(#4) }, Head { msg: "*00:25.000Z"-1a-0-0, origin: Some(#4) }, Head { msg: "*00:25.000Z"-1b-0-0, origin: Some(#3) }, Head { msg: "*00:25.000Z"-1c-0-0, origin: Some(#4) }, Head { msg: "*00:25.000Z"-1d-0-0, origin: Some(#5) }], src: #2, neigh: [#3, #4, #5])
     45s: #0:     0ns Send(ReportHeads: cutoff: (0:0-0-0-0, 2019-12-31T23:44:00.000Z), heads: [Head { msg: "*00:25.000Z"-18-0-0, origin: Some(#4) }, Head { msg: "*00:25.000Z"-19-0-0, origin: Some(#1) }, Head { msg: "*00:25.000Z"-1a-0-0, origin: Some(#4) }, Head { msg: "*00:25.000Z"-1b-0-0, origin: Some(#4) }, Head { msg: "*00:25.000Z"-1c-0-0, origin: Some(#4) }, Head { msg: "*00:25.000Z"-1d-0-0, origin: Some(#5) }], src: #0, neigh: [#1, #4, #5])
     45s: #2:     0ns Send(ReportHeads: cutoff: (0:0-0-0-0, 2019-12-31T23:44:00.000Z), heads: [Head { msg: "*00:25.000Z"-18-0-0, origin: Some(#4) }, Head { msg: "*00:25.000Z"-19-0-0, origin: Some(#4) }, Head { msg: "*00:25.000Z"-1a-0-0, origin: Some(#4) }, Head { msg: "*00:25.000Z"-1b-0-0, origin: Some(#3) }, Head { msg: "*00:25.000Z"-1c-0-0, origin: Some(#4) }, Head { msg: "*00:25.000Z"-1d-0-0, origin: Some(#5) }], src: #2, neigh: [#3, #4, #5])
     45s: #1:     0ns Send(ReportHeads: cutoff: (0:0-0-0-0, 2019-12-31T23:44:00.000Z), heads: [Head { msg: "*00:25.000Z"-18-0-0, origin: Some(#0) }, Head { msg: "*00:25.000Z"-19-0-0, origin: Some(#4) }, Head { msg: "*00:25.000Z"-1a-0-0, origin: Some(#4) }, Head { msg: "*00:25.000Z"-1b-0-0, origin: Some(#4) }, Head { msg: "*00:25.000Z"-1c-0-0, origin: Some(#4) }, Head { msg: "*00:25.000Z"-1d-0-0, origin: Some(#5) }], src: #1, neigh: [#0, #4, #5])
     45s: #3:     0ns Send(ReportHeads: cutoff: (0:0-0-0-0, 2019-12-31T23:44:00.000Z), heads: [Head { msg: "*00:25.000Z"-18-0-0, origin: Some(#4) }, Head { msg: "*00:25.000Z"-19-0-0, origin: Some(#4) }, Head { msg: "*00:25.000Z"-1a-0-0, origin: Some(#2) }, Head { msg: "*00:25.000Z"-1b-0-0, origin: Some(#4) }, Head { msg: "*00:25.000Z"-1c-0-0, origin: Some(#4) }, Head { msg: "*00:25.000Z"-1d-0-0, origin: Some(#5) }], src: #3, neigh: [#2, #4, #5])
     45s: #5:     0ns Send(ReportHeads: cutoff: (0:0-0-0-0, 2019-12-31T23:44:00.000Z), heads: [Head { msg: "*00:25.000Z"-18-0-0, origin: Some(#0) }, Head { msg: "*00:25.000Z"-19-0-0, origin: Some(#1) }, Head { msg: "*00:25.000Z"-1a-0-0, origin: Some(#2) }, Head { msg: "*00:25.000Z"-1b-0-0, origin: Some(#3) }, Head { msg: "*00:25.000Z"-1c-0-0, origin: Some(#4) }, Head { msg: "*00:25.000Z"-1d-0-0, origin: Some(#4) }], src: #5, neigh: [#0, #1, #2, #3, #4])
     45s: #4:     0ns Send(ReportHeads: cutoff: (0:0-0-0-0, 2019-12-31T23:44:00.000Z), heads: [Head { msg: "*00:25.000Z"-18-0-0, origin: Some(#0) }, Head { msg: "*00:25.000Z"-19-0-0, origin: Some(#1) }, Head { msg: "*00:25.000Z"-1a-0-0, origin: Some(#2) }, Head { msg: "*00:25.000Z"-1b-0-0, origin: Some(#3) }, Head { msg: "*00:25.000Z"-1c-0-0, origin: Some(#0) }, Head { msg: "*00:25.000Z"-1d-0-0, origin: Some(#5) }], src: #4, neigh: [#0, #1, #2, #3, #5])
     50s: #4:     0ns Send(ReportHeads: cutoff: (0:0-0-0-0, 2019-12-31T23:44:00.000Z), heads: [Head { msg: "*00:25.000Z"-18-0-0, origin: Some(#0) }, Head { msg: "*00:25.000Z"-19-0-0, origin: Some(#1) }, Head { msg: "*00:25.000Z"-1a-0-0, origin: Some(#2) }, Head { msg: "*00:25.000Z"-1b-0-0, origin: Some(#3) }, Head { msg: "*00:25.000Z"-1c-0-0, origin: Some(#0) }, Head { msg: "*00:25.000Z"-1d-0-0, origin: Some(#5) }], src: #4, neigh: [#0, #1, #2, #3, #5])
     50s: #0:     0ns Send(ReportHeads: cutoff: (0:0-0-0-0, 2019-12-31T23:44:00.000Z), heads: [Head { msg: "*00:25.000Z"-18-0-0, origin: Some(#4) }, Head { msg: "*00:25.000Z"-19-0-0, origin: Some(#1) }, Head { msg: "*00:25.000Z"-1a-0-0, origin: Some(#4) }, Head { msg: "*00:25.000Z"-1b-0-0, origin: Some(#4) }, Head { msg: "*00:25.000Z"-1c-0-0, origin: Some(#4) }, Head { msg: "*00:25.000Z"-1d-0-0, origin: Some(#5) }], src: #0, neigh: [#1, #4, #5])
     50s: #2:     0ns Send(ReportHeads: cutoff: (0:0-0-0-0, 2019-12-31T23:44:00.000Z), heads: [Head { msg: "*00:25.000Z"-18-0-0, origin: Some(#4) }, Head { msg: "*00:25.000Z"-19-0-0, origin: Some(#4) }, Head { msg: "*00:25.000Z"-1a-0-0, origin: Some(#4) }, Head { msg: "*00:25.000Z"-1b-0-0, origin: Some(#3) }, Head { msg: "*00:25.000Z"-1c-0-0, origin: Some(#4) }, Head { msg: "*00:25.000Z"-1d-0-0, origin: Some(#5) }], src: #2, neigh: [#3, #4, #5])
     50s: #1:     0ns Send(ReportHeads: cutoff: (0:0-0-0-0, 2019-12-31T23:44:00.000Z), heads: [Head { msg: "*00:25.000Z"-18-0-0, origin: Some(#0) }, Head { msg: "*00:25.000Z"-19-0-0, origin: Some(#4) }, Head { msg: "*00:25.000Z"-1a-0-0, origin: Some(#4) }, Head { msg: "*00:25.000Z"-1b-0-0, origin: Some(#4) }, Head { msg: "*00:25.000Z"-1c-0-0, origin: Some(#4) }, Head { msg: "*00:25.000Z"-1d-0-0, origin: Some(#5) }], src: #1, neigh: [#0, #4, #5])
     50s: #3:     0ns Send(ReportHeads: cutoff: (0:0-0-0-0, 2019-12-31T23:44:00.000Z), heads: [Head { msg: "*00:25.000Z"-18-0-0, origin: Some(#4) }, Head { msg: "*00:25.000Z"-19-0-0, origin: Some(#4) }, Head { msg: "*00:25.000Z"-1a-0-0, origin: Some(#2) }, Head { msg: "*00:25.000Z"-1b-0-0, origin: Some(#4) }, Head { msg: "*00:25.000Z"-1c-0-0, origin: Some(#4) }, Head { msg: "*00:25.000Z"-1d-0-0, origin: Some(#5) }], src: #3, neigh: [#2, #4, #5])
     50s: #5:     0ns Send(ReportHeads: cutoff: (0:0-0-0-0, 2019-12-31T23:44:00.000Z), heads: [Head { msg: "*00:25.000Z"-18-0-0, origin: Some(#0) }, Head { msg: "*00:25.000Z"-19-0-0, origin: Some(#1) }, Head { msg: "*00:25.000Z"-1a-0-0, origin: Some(#2) }, Head { msg: "*00:25.000Z"-1b-0-0, origin: Some(#3) }, Head { msg: "*00:25.000Z"-1c-0-0, origin: Some(#4) }, Head { msg: "*00:25.000Z"-1d-0-0, origin: Some(#4) }], src: #5, neigh: [#0, #1, #2, #3, #4])
     55s: #5:     0ns Send(ReportHeads: cutoff: (0:0-0-0-0, 2019-12-31T23:44:00.000Z), heads: [Head { msg: "*00:25.000Z"-18-0-0, origin: Some(#0) }, Head { msg: "*00:25.000Z"-19-0-0, origin: Some(#1) }, Head { msg: "*00:25.000Z"-1a-0-0, origin: Some(#2) }, Head { msg: "*00:25.000Z"-1b-0-0, origin: Some(#3) }, Head { msg: "*00:25.000Z"-1c-0-0, origin: Some(#4) }, Head { msg: "*00:25.000Z"-1d-0-0, origin: Some(#4) }], src: #5, neigh: [#0, #1, #2, #3, #4])
     55s: #4:     0ns Send(ReportHeads: cutoff: (0:0-0-0-0, 2019-12-31T23:44:00.000Z), heads: [Head { msg: "*00:25.000Z"-18-0-0, origin: Some(#0) }, Head { msg: "*00:25.000Z"-19-0-0, origin: Some(#1) }, Head { msg: "*00:25.000Z"-1a-0-0, origin: Some(#2) }, Head { msg: "*00:25.000Z"-1b-0-0, origin: Some(#3) }, Head { msg: "*00:25.000Z"-1c-0-0, origin: Some(#0) }, Head { msg: "*00:25.000Z"-1d-0-0, origin: Some(#5) }], src: #4, neigh: [#0, #1, #2, #3, #5])
     55s: #0:     0ns Send(ReportHeads: cutoff: (0:0-0-0-0, 2019-12-31T23:44:00.000Z), heads: [Head { msg: "*00:25.000Z"-18-0-0, origin: Some(#4) }, Head { msg: "*00:25.000Z"-19-0-0, origin: Some(#1) }, Head { msg: "*00:25.000Z"-1a-0-0, origin: Some(#4) }, Head { msg: "*00:25.000Z"-1b-0-0, origin: Some(#4) }, Head { msg: "*00:25.000Z"-1c-0-0, origin: Some(#4) }, Head { msg: "*00:25.000Z"-1d-0-0, origin: Some(#5) }], src: #0, neigh: [#1, #4, #5])
     55s: #2:     0ns Send(ReportHeads: cutoff: (0:0-0-0-0, 2019-12-31T23:44:00.000Z), heads: [Head { msg: "*00:25.000Z"-18-0-0, origin: Some(#4) }, Head { msg: "*00:25.000Z"-19-0-0, origin: Some(#4) }, Head { msg: "*00:25.000Z"-1a-0-0, origin: Some(#4) }, Head { msg: "*00:25.000Z"-1b-0-0, origin: Some(#3) }, Head { msg: "*00:25.000Z"-1c-0-0, origin: Some(#4) }, Head { msg: "*00:25.000Z"-1d-0-0, origin: Some(#5) }], src: #2, neigh: [#3, #4, #5])
     55s: #1:     0ns Send(ReportHeads: cutoff: (0:0-0-0-0, 2019-12-31T23:44:00.000Z), heads: [Head { msg: "*00:25.000Z"-18-0-0, origin: Some(#0) }, Head { msg: "*00:25.000Z"-19-0-0, origin: Some(#4) }, Head { msg: "*00:25.000Z"-1a-0-0, origin: Some(#4) }, Head { msg: "*00:25.000Z"-1b-0-0, origin: Some(#4) }, Head { msg: "*00:25.000Z"-1c-0-0, origin: Some(#4) }, Head { msg: "*00:25.000Z"-1d-0-0, origin: Some(#5) }], src: #1, neigh: [#0, #4, #5])
     55s: #3:     0ns Send(ReportHeads: cutoff: (0:0-0-0-0, 2019-12-31T23:44:00.000Z), heads: [Head { msg: "*00:25.000Z"-18-0-0, origin: Some(#4) }, Head { msg: "*00:25.000Z"-19-0-0, origin: Some(#4) }, Head { msg: "*00:25.000Z"-1a-0-0, origin: Some(#2) }, Head { msg: "*00:25.000Z"-1b-0-0, origin: Some(#4) }, Head { msg: "*00:25.000Z"-1c-0-0, origin: Some(#4) }, Head { msg: "*00:25.000Z"-1d-0-0, origin: Some(#5) }], src: #3, neigh: [#2, #4, #5])
     60s: #1:     0ns Send(ReportHeads: cutoff: (0:0-0-0-0, 2019-12-31T23:45:00.000Z), heads: [Head { msg: "*00:25.000Z"-18-0-0, origin: Some(#0) }, Head { msg: "*00:25.000Z"-19-0-0, origin: Some(#4) }, Head { msg: "*00:25.000Z"-1a-0-0, origin: Some(#4) }, Head { msg: "*00:25.000Z"-1b-0-0, origin: Some(#4) }, Head { msg: "*00:25.000Z"-1c-0-0, origin: Some(#4) }, Head { msg: "*00:25.000Z"-1d-0-0, origin: Some(#5) }], src: #1, neigh: [#0, #4, #5])
     60s: #3:     0ns Send(ReportHeads: cutoff: (0:0-0-0-0, 2019-12-31T23:45:00.000Z), heads: [Head { msg: "*00:25.000Z"-18-0-0, origin: Some(#4) }, Head { msg: "*00:25.000Z"-19-0-0, origin: Some(#4) }, Head { msg: "*00:25.000Z"-1a-0-0, origin: Some(#2) }, Head { msg: "*00:25.000Z"-1b-0-0, origin: Some(#4) }, Head { msg: "*00:25.000Z"-1c-0-0, origin: Some(#4) }, Head { msg: "*00:25.000Z"-1d-0-0, origin: Some(#5) }], src: #3, neigh: [#2, #4, #5])
     60s: #5:     0ns Send(ReportHeads: cutoff: (0:0-0-0-0, 2019-12-31T23:45:00.000Z), heads: [Head { msg: "*00:25.000Z"-18-0-0, origin: Some(#0) }, Head { msg: "*00:25.000Z"-19-0-0, origin: Some(#1) }, Head { msg: "*00:25.000Z"-1a-0-0, origin: Some(#2) }, Head { msg: "*00:25.000Z"-1b-0-0, origin: Some(#3) }, Head { msg: "*00:25.000Z"-1c-0-0, origin: Some(#4) }, Head { msg: "*00:25.000Z"-1d-0-0, origin: Some(#4) }], src: #5, neigh: [#0, #1, #2, #3, #4])
     60s: #4:     0ns Send(ReportHeads: cutoff: (0:0-0-0-0, 2019-12-31T23:45:00.000Z), heads: [Head { msg: "*00:25.000Z"-18-0-0, origin: Some(#0) }, Head { msg: "*00:25.000Z"-19-0-0, origin: Some(#1) }, Head { msg: "*00:25.000Z"-1a-0-0, origin: Some(#2) }, Head { msg: "*00:25.000Z"-1b-0-0, origin: Some(#3) }, Head { msg: "*00:25.000Z"-1c-0-0, origin: Some(#0) }, Head { msg: "*00:25.000Z"-1d-0-0, origin: Some(#5) }], src: #4, neigh: [#0, #1, #2, #3, #5])
     60s: #0:     0ns Send(ReportHeads: cutoff: (0:0-0-0-0, 2019-12-31T23:45:00.000Z), heads: [Head { msg: "*00:25.000Z"-18-0-0, origin: Some(#4) }, Head { msg: "*00:25.000Z"-19-0-0, origin: Some(#1) }, Head { msg: "*00:25.000Z"-1a-0-0, origin: Some(#4) }, Head { msg: "*00:25.000Z"-1b-0-0, origin: Some(#4) }, Head { msg: "*00:25.000Z"-1c-0-0, origin: Some(#4) }, Head { msg: "*00:25.000Z"-1d-0-0, origin: Some(#5) }], src: #0, neigh: [#1, #4, #5])
     60s: #2:     0ns Send(ReportHeads: cutoff: (0:0-0-0-0, 2019-12-31T23:45:00.000Z), heads: [Head { msg: "*00:25.000Z"-18-0-0, origin: Some(#4) }, Head { msg: "*00:25.000Z"-19-0-0, origin: Some(#4) }, Head { msg: "*00:25.000Z"-1a-0-0, origin: Some(#4) }, Head { msg: "*00:25.000Z"-1b-0-0, origin: Some(#3) }, Head { msg: "*00:25.000Z"-1c-0-0, origin: Some(#4) }, Head { msg: "*00:25.000Z"-1d-0-0, origin: Some(#5) }], src: #2, neigh: [#3, #4, #5])
     65s: #0:     0ns Send(ReportHeads: cutoff: (0:0-0-0-0, 2019-12-31T23:45:00.000Z), heads: [Head { msg: "*00:25.000Z"-18-0-0, origin: Some(#4) }, Head { msg: "*00:25.000Z"-19-0-0, origin: Some(#1) }, Head { msg: "*00:25.000Z"-1a-0-0, origin: Some(#4) }, Head { msg: "*00:25.000Z"-1b-0-0, origin: Some(#4) }, Head { msg: "*00:25.000Z"-1c-0-0, origin: Some(#4) }, Head { msg: "*00:25.000Z"-1d-0-0, origin: Some(#5) }], src: #0, neigh: [#1, #4, #5])
     65s: #2:     0ns Send(ReportHeads: cutoff: (0:0-0-0-0, 2019-12-31T23:45:00.000Z), heads: [Head { msg: "*00:25.000Z"-18-0-0, origin: Some(#4) }, Head { msg: "*00:25.000Z"-19-0-0, origin: Some(#4) }, Head { msg: "*00:25.000Z"-1a-0-0, origin: Some(#4) }, Head { msg: "*00:25.000Z"-1b-0-0, origin: Some(#3) }, Head { msg: "*00:25.000Z"-1c-0-0, origin: Some(#4) }, Head { msg: "*00:25.000Z"-1d-0-0, origin: Some(#5) }], src: #2, neigh: [#3, #4, #5])
     65s: #1:     0ns Send(ReportHeads: cutoff: (0:0-0-0-0, 2019-12-31T23:45:00.000Z), heads: [Head { msg: "*00:25.000Z"-18-0-0, origin: Some(#0) }, Head { msg: "*00:25.000Z"-19-0-0, origin: Some(#4) }, Head { msg: "*00:25.000Z"-1a-0-0, origin: Some(#4) }, Head { msg: "*00:25.000Z"-1b-0-0, origin: Some(#4) }, Head { msg: "*00:25.000Z"-1c-0-0, origin: Some(#4) }, Head { msg: "*00:25.000Z"-1d-0-0, origin: Some(#5) }], src: #1, neigh: [#0, #4, #5])
     65s: #3:     0ns Send(ReportHeads: cutoff: (0:0-0-0-0, 2019-12-31T23:45:00.000Z), heads: [Head { msg: "*00:25.000Z"-18-0-0, origin: Some(#4) }, Head { msg: "*00:25.000Z"-19-0-0, origin: Some(#4) }, Head { msg: "*00:25.000Z"-1a-0-0, origin: Some(#2) }, Head { msg: "*00:25.000Z"-1b-0-0, origin: Some(#4) }, Head { msg: "*00:25.000Z"-1c-0-0, origin: Some(#4) }, Head { msg: "*00:25.000Z"-1d-0-0, origin: Some(#5) }], src: #3, neigh: [#2, #4, #5])
     65s: #5:     0ns Send(ReportHeads: cutoff: (0:0-0-0-0, 2019-12-31T23:45:00.000Z), heads: [Head { msg: "*00:25.000Z"-18-0-0, origin: Some(#0) }, Head { msg: "*00:25.000Z"-19-0-0, origin: Some(#1) }, Head { msg: "*00:25.000Z"-1a-0-0, origin: Some(#2) }, Head { msg: "*00:25.000Z"-1b-0-0, origin: Some(#3) }, Head { msg: "*00:25.000Z"-1c-0-0, origin: Some(#4) }, Head { msg: "*00:25.000Z"-1d-0-0, origin: Some(#4) }], src: #5, neigh: [#0, #1, #2, #3, #4])
     65s: #4:     0ns Send(ReportHeads: cutoff: (0:0-0-0-0, 2019-12-31T23:45:00.000Z), heads: [Head { msg: "*00:25.000Z"-18-0-0, origin: Some(#0) }, Head { msg: "*00:25.000Z"-19-0-0, origin: Some(#1) }, Head { msg: "*00:25.000Z"-1a-0-0, origin: Some(#2) }, Head { msg: "*00:25.000Z"-1b-0-0, origin: Some(#3) }, Head { msg: "*00:25.000Z"-1c-0-0, origin: Some(#0) }, Head { msg: "*00:25.000Z"-1d-0-0, origin: Some(#5) }], src: #4, neigh: [#0, #1, #2, #3, #5])
