---
source: src/tests/all_up_sync_test.rs
expression: driver.sent_messages_snapshot()
---
     0ns: #0:    10ms Send(ReportHeads: cutoff: (0:0-0-0-0, 2019-12-31T23:44:00.000Z), heads: [], src: #0, neigh: [])
     0ns: #0:    64ms Send(Message: id = "*00:00.000Z"-0-0-0, parents = [], need_ack = false, msg = SyncMessage { value: 1, reset: false, persist: false }, src = #0, origin = #0, retransmit = false)
     0ns: #1:    10ms Send(ReportHeads: cutoff: (0:0-0-0-0, 2019-12-31T23:44:00.000Z), heads: [], src: #1, neigh: [])
     0ns: #1:    64ms Send(Message: id = "*00:00.000Z"-1-0-0, parents = [], need_ack = false, msg = SyncMessage { value: 2, reset: false, persist: false }, src = #1, origin = #1, retransmit = false)
      5s: #1:     0ns Send(ReportHeads: cutoff: (0:0-0-0-0, 2019-12-31T23:45:00.000Z), heads: [Head { msg: "*00:00.000Z"-0-0-0, origin: Some(#0) }, Head { msg: "*00:00.000Z"-1-0-0, origin: None }], src: #1, neigh: [#0])
      5s: #0:     0ns Send(ReportHeads: cutoff: (0:0-0-0-0, 2019-12-31T23:45:00.000Z), heads: [Head { msg: "*00:00.000Z"-0-0-0, origin: Some(#1) }, Head { msg: "*00:00.000Z"-1-0-0, origin: Some(#1) }], src: #0, neigh: [#1])
     10s: #0:     0ns Send(ReportHeads: cutoff: (0:0-0-0-0, 2019-12-31T23:45:00.000Z), heads: [Head { msg: "*00:00.000Z"-0-0-0, origin: Some(#1) }, Head { msg: "*00:00.000Z"-1-0-0, origin: Some(#1) }], src: #0, neigh: [#1])
     10s: #1:     0ns Send(ReportHeads: cutoff: (0:0-0-0-0, 2019-12-31T23:45:00.000Z), heads: [Head { msg: "*00:00.000Z"-0-0-0, origin: Some(#0) }, Head { msg: "*00:00.000Z"-1-0-0, origin: Some(#0) }], src: #1, neigh: [#0])
     15s: #1:     0ns Send(ReportHeads: cutoff: (0:0-0-0-0, 2019-12-31T23:45:00.000Z), heads: [Head { msg: "*00:00.000Z"-0-0-0, origin: Some(#0) }, Head { msg: "*00:00.000Z"-1-0-0, origin: Some(#0) }], src: #1, neigh: [#0])
     15s: #0:     0ns Send(ReportHeads: cutoff: (0:0-0-0-0, 2019-12-31T23:45:00.000Z), heads: [Head { msg: "*00:00.000Z"-0-0-0, origin: Some(#1) }, Head { msg: "*00:00.000Z"-1-0-0, origin: Some(#1) }], src: #0, neigh: [#1])
     20s: #0:     0ns Send(ReportHeads: cutoff: (0:0-0-0-0, 2019-12-31T23:45:00.000Z), heads: [Head { msg: "*00:00.000Z"-0-0-0, origin: Some(#1) }, Head { msg: "*00:00.000Z"-1-0-0, origin: Some(#1) }], src: #0, neigh: [#1])
     20s: #1:     0ns Send(ReportHeads: cutoff: (0:0-0-0-0, 2019-12-31T23:45:00.000Z), heads: [Head { msg: "*00:00.000Z"-0-0-0, origin: Some(#0) }, Head { msg: "*00:00.000Z"-1-0-0, origin: Some(#0) }], src: #1, neigh: [#0])
     25s: #1:     0ns Send(ReportHeads: cutoff: (0:0-0-0-0, 2019-12-31T23:45:00.000Z), heads: [Head { msg: "*00:00.000Z"-0-0-0, origin: Some(#0) }, Head { msg: "*00:00.000Z"-1-0-0, origin: Some(#0) }], src: #1, neigh: [#0])
     25s: #0:     0ns Send(ReportHeads: cutoff: (0:0-0-0-0, 2019-12-31T23:45:00.000Z), heads: [Head { msg: "*00:00.000Z"-0-0-0, origin: Some(#1) }, Head { msg: "*00:00.000Z"-1-0-0, origin: Some(#1) }], src: #0, neigh: [#1])
     30s: #0:     0ns Send(ReportHeads: cutoff: (0:0-0-0-0, 2019-12-31T23:45:00.000Z), heads: [Head { msg: "*00:00.000Z"-0-0-0, origin: Some(#1) }, Head { msg: "*00:00.000Z"-1-0-0, origin: Some(#1) }], src: #0, neigh: [#1])
     30s: #1:     0ns Send(ReportHeads: cutoff: (0:0-0-0-0, 2019-12-31T23:45:00.000Z), heads: [Head { msg: "*00:00.000Z"-0-0-0, origin: Some(#0) }, Head { msg: "*00:00.000Z"-1-0-0, origin: Some(#0) }], src: #1, neigh: [#0])
     35s: #1:     0ns Send(ReportHeads: cutoff: (0:0-0-0-0, 2019-12-31T23:45:00.000Z), heads: [Head { msg: "*00:00.000Z"-0-0-0, origin: Some(#0) }, Head { msg: "*00:00.000Z"-1-0-0, origin: Some(#0) }], src: #1, neigh: [#0])
     35s: #0:     0ns Send(ReportHeads: cutoff: (0:0-0-0-0, 2019-12-31T23:45:00.000Z), heads: [Head { msg: "*00:00.000Z"-0-0-0, origin: Some(#1) }, Head { msg: "*00:00.000Z"-1-0-0, origin: Some(#1) }], src: #0, neigh: [#1])
     40s: #0:     0ns Send(ReportHeads: cutoff: (0:0-0-0-0, 2019-12-31T23:45:00.000Z), heads: [Head { msg: "*00:00.000Z"-0-0-0, origin: Some(#1) }, Head { msg: "*00:00.000Z"-1-0-0, origin: Some(#1) }], src: #0, neigh: [#1])
     40s: #1:     0ns Send(ReportHeads: cutoff: (0:0-0-0-0, 2019-12-31T23:45:00.000Z), heads: [Head { msg: "*00:00.000Z"-0-0-0, origin: Some(#0) }, Head { msg: "*00:00.000Z"-1-0-0, origin: Some(#0) }], src: #1, neigh: [#0])
     45s: #1:     0ns Send(ReportHeads: cutoff: (0:0-0-0-0, 2019-12-31T23:45:00.000Z), heads: [Head { msg: "*00:00.000Z"-0-0-0, origin: Some(#0) }, Head { msg: "*00:00.000Z"-1-0-0, origin: Some(#0) }], src: #1, neigh: [#0])
     45s: #0:     0ns Send(ReportHeads: cutoff: (0:0-0-0-0, 2019-12-31T23:45:00.000Z), heads: [Head { msg: "*00:00.000Z"-0-0-0, origin: Some(#1) }, Head { msg: "*00:00.000Z"-1-0-0, origin: Some(#1) }], src: #0, neigh: [#1])
     50s: #0:     0ns Send(ReportHeads: cutoff: (0:0-0-0-0, 2019-12-31T23:45:00.000Z), heads: [Head { msg: "*00:00.000Z"-0-0-0, origin: Some(#1) }, Head { msg: "*00:00.000Z"-1-0-0, origin: Some(#1) }], src: #0, neigh: [#1])
     50s: #1:     0ns Send(ReportHeads: cutoff: (0:0-0-0-0, 2019-12-31T23:45:00.000Z), heads: [Head { msg: "*00:00.000Z"-0-0-0, origin: Some(#0) }, Head { msg: "*00:00.000Z"-1-0-0, origin: Some(#0) }], src: #1, neigh: [#0])
     55s: #1:     0ns Send(ReportHeads: cutoff: (0:0-0-0-0, 2019-12-31T23:45:00.000Z), heads: [Head { msg: "*00:00.000Z"-0-0-0, origin: Some(#0) }, Head { msg: "*00:00.000Z"-1-0-0, origin: Some(#0) }], src: #1, neigh: [#0])
     55s: #0:     0ns Send(ReportHeads: cutoff: (0:0-0-0-0, 2019-12-31T23:45:00.000Z), heads: [Head { msg: "*00:00.000Z"-0-0-0, origin: Some(#1) }, Head { msg: "*00:00.000Z"-1-0-0, origin: Some(#1) }], src: #0, neigh: [#1])
     60s: #0:     0ns Send(ReportHeads: cutoff: (0:0-0-0-0, 2019-12-31T23:45:00.000Z), heads: [Head { msg: "*00:00.000Z"-0-0-0, origin: Some(#1) }, Head { msg: "*00:00.000Z"-1-0-0, origin: Some(#1) }], src: #0, neigh: [#1])
     60s: #1:     0ns Send(ReportHeads: cutoff: (0:0-0-0-0, 2019-12-31T23:46:00.000Z), heads: [Head { msg: "*00:00.000Z"-0-0-0, origin: Some(#0) }, Head { msg: "*00:00.000Z"-1-0-0, origin: Some(#0) }], src: #1, neigh: [#0])
     65s: #1:     0ns Send(ReportHeads: cutoff: (0:0-0-0-0, 2019-12-31T23:46:00.000Z), heads: [Head { msg: "*00:00.000Z"-0-0-0, origin: Some(#0) }, Head { msg: "*00:00.000Z"-1-0-0, origin: Some(#0) }], src: #1, neigh: [#0])
     65s: #0:     0ns Send(ReportHeads: cutoff: (0:0-0-0-0, 2019-12-31T23:46:00.000Z), heads: [Head { msg: "*00:00.000Z"-0-0-0, origin: Some(#1) }, Head { msg: "*00:00.000Z"-1-0-0, origin: Some(#1) }], src: #0, neigh: [#1])
     70s: #0:     0ns Send(ReportHeads: cutoff: (0:0-0-0-0, 2019-12-31T23:46:00.000Z), heads: [Head { msg: "*00:00.000Z"-0-0-0, origin: Some(#1) }, Head { msg: "*00:00.000Z"-1-0-0, origin: Some(#1) }], src: #0, neigh: [#1])
     70s: #1:     0ns Send(ReportHeads: cutoff: (0:0-0-0-0, 2019-12-31T23:46:00.000Z), heads: [Head { msg: "*00:00.000Z"-0-0-0, origin: Some(#0) }, Head { msg: "*00:00.000Z"-1-0-0, origin: Some(#0) }], src: #1, neigh: [#0])
     75s: #1:     0ns Send(ReportHeads: cutoff: (0:0-0-0-0, 2019-12-31T23:46:00.000Z), heads: [Head { msg: "*00:00.000Z"-0-0-0, origin: Some(#0) }, Head { msg: "*00:00.000Z"-1-0-0, origin: Some(#0) }], src: #1, neigh: [#0])
     75s: #0:     0ns Send(ReportHeads: cutoff: (0:0-0-0-0, 2019-12-31T23:46:00.000Z), heads: [Head { msg: "*00:00.000Z"-0-0-0, origin: Some(#1) }, Head { msg: "*00:00.000Z"-1-0-0, origin: Some(#1) }], src: #0, neigh: [#1])
     80s: #0:     0ns Send(ReportHeads: cutoff: (0:0-0-0-0, 2019-12-31T23:46:00.000Z), heads: [Head { msg: "*00:00.000Z"-0-0-0, origin: Some(#1) }, Head { msg: "*00:00.000Z"-1-0-0, origin: Some(#1) }], src: #0, neigh: [#1])
     80s: #1:     0ns Send(ReportHeads: cutoff: (0:0-0-0-0, 2019-12-31T23:46:00.000Z), heads: [Head { msg: "*00:00.000Z"-0-0-0, origin: Some(#0) }, Head { msg: "*00:00.000Z"-1-0-0, origin: Some(#0) }], src: #1, neigh: [#0])
     85s: #1:     0ns Send(ReportHeads: cutoff: (0:0-0-0-0, 2019-12-31T23:46:00.000Z), heads: [Head { msg: "*00:00.000Z"-0-0-0, origin: Some(#0) }, Head { msg: "*00:00.000Z"-1-0-0, origin: Some(#0) }], src: #1, neigh: [#0])
     85s: #0:     0ns Send(ReportHeads: cutoff: (0:0-0-0-0, 2019-12-31T23:46:00.000Z), heads: [Head { msg: "*00:00.000Z"-0-0-0, origin: Some(#1) }, Head { msg: "*00:00.000Z"-1-0-0, origin: Some(#1) }], src: #0, neigh: [#1])
     90s: #0:     0ns Send(ReportHeads: cutoff: (0:0-0-0-0, 2019-12-31T23:46:00.000Z), heads: [Head { msg: "*00:00.000Z"-0-0-0, origin: Some(#1) }, Head { msg: "*00:00.000Z"-1-0-0, origin: Some(#1) }], src: #0, neigh: [#1])
     90s: #1:     0ns Send(ReportHeads: cutoff: (0:0-0-0-0, 2019-12-31T23:46:00.000Z), heads: [Head { msg: "*00:00.000Z"-0-0-0, origin: Some(#0) }, Head { msg: "*00:00.000Z"-1-0-0, origin: Some(#0) }], src: #1, neigh: [#0])
     95s: #1:     0ns Send(ReportHeads: cutoff: (0:0-0-0-0, 2019-12-31T23:46:00.000Z), heads: [Head { msg: "*00:00.000Z"-0-0-0, origin: Some(#0) }, Head { msg: "*00:00.000Z"-1-0-0, origin: Some(#0) }], src: #1, neigh: [#0])
     95s: #0:     0ns Send(ReportHeads: cutoff: (0:0-0-0-0, 2019-12-31T23:46:00.000Z), heads: [Head { msg: "*00:00.000Z"-0-0-0, origin: Some(#1) }, Head { msg: "*00:00.000Z"-1-0-0, origin: Some(#1) }], src: #0, neigh: [#1])
