---
source: src/tests/all_up_sync_test.rs
expression: driver.messages_snapshot()
---
     0ns: #0:       * Send(ReportHeads: cutoff: (0:0-0-0-0, 2019-12-31T23:44:00.000Z), heads: [], src: #0, neigh: [])
     0ns: #1:       * Send(ReportHeads: cutoff: (0:0-0-0-0, 2019-12-31T23:44:00.000Z), heads: [Head { msg: "2020-01-01T01:01:01.000Z"-0-1-0, origin: None }], src: #1, neigh: [])
     0ns: #2:       * Send(ReportHeads: cutoff: (0:0-0-0-0, 2019-12-31T23:44:00.000Z), heads: [Head { msg: "2020-01-01T01:01:01.000Z"-0-1-0, origin: None }], src: #2, neigh: [])
      5s: #0:     0ns Send(ReportHeads: cutoff: (0:0-0-0-0, 2019-12-31T23:44:00.000Z), heads: [], src: #0, neigh: [])
      5s: #1:         Receive(ReportHeads: cutoff: (0:0-0-0-0, 2019-12-31T23:44:00.000Z), heads: [], src: #0, neigh: [])
      5s: #1:     0ns Send(ReportHeads: cutoff: (0:0-0-0-0, 2019-12-31T23:44:00.000Z), heads: [Head { msg: "2020-01-01T01:01:01.000Z"-0-1-0, origin: None }], src: #1, neigh: [#0])
      5s: #2:         Receive(ReportHeads: cutoff: (0:0-0-0-0, 2019-12-31T23:44:00.000Z), heads: [], src: #0, neigh: [])
      5s: #2:         Receive(ReportHeads: cutoff: (0:0-0-0-0, 2019-12-31T23:44:00.000Z), heads: [Head { msg: "2020-01-01T01:01:01.000Z"-0-1-0, origin: None }], src: #1, neigh: [#0])
      5s: #2:     0ns Send(ReportHeads: cutoff: (0:0-0-0-0, 2019-12-31T23:44:00.000Z), heads: [Head { msg: "2020-01-01T01:01:01.000Z"-0-1-0, origin: Some(#1) }], src: #2, neigh: [#0, #1])
      5s: #0:         Receive(ReportHeads: cutoff: (0:0-0-0-0, 2019-12-31T23:44:00.000Z), heads: [Head { msg: "2020-01-01T01:01:01.000Z"-0-1-0, origin: None }], src: #1, neigh: [#0])
      5s: #0:         Receive(ReportHeads: cutoff: (0:0-0-0-0, 2019-12-31T23:44:00.000Z), heads: [Head { msg: "2020-01-01T01:01:01.000Z"-0-1-0, origin: Some(#1) }], src: #2, neigh: [#0, #1])
      5s: #0:    55ms Send(RequestUpstream: Query: [("2020-01-01T01:01:01.000Z"-0-1-0, 4)], src: #0, dst: #1)
      5s: #1:         Receive(ReportHeads: cutoff: (0:0-0-0-0, 2019-12-31T23:44:00.000Z), heads: [Head { msg: "2020-01-01T01:01:01.000Z"-0-1-0, origin: Some(#1) }], src: #2, neigh: [#0, #1])
  5.055s: #1:         Receive(RequestUpstream: Query: [("2020-01-01T01:01:01.000Z"-0-1-0, 4)], src: #0, dst: #1)
  5.055s: #1:    18ms Send(UpstreamResponse: Messages: [MessageSubGraphNode { id: "2020-01-01T01:01:01.000Z"-0-1-0, parents: [], query_count: 4 }], src: #1, dst: #0)
  5.055s: #2:         Receive(RequestUpstream: Query: [("2020-01-01T01:01:01.000Z"-0-1-0, 4)], src: #0, dst: #1)
  5.073s: #0:         Receive(UpstreamResponse: Messages: [MessageSubGraphNode { id: "2020-01-01T01:01:01.000Z"-0-1-0, parents: [], query_count: 4 }], src: #1, dst: #0)
  5.073s: #0:    30ms Send(SendMessageAndAllDescendants: messages: ["2020-01-01T01:01:01.000Z"-0-1-0], src: #0, dst: #1)
  5.073s: #2:         Receive(UpstreamResponse: Messages: [MessageSubGraphNode { id: "2020-01-01T01:01:01.000Z"-0-1-0, parents: [], query_count: 4 }], src: #1, dst: #0)
  5.103s: #1:         Receive(SendMessageAndAllDescendants: messages: ["2020-01-01T01:01:01.000Z"-0-1-0], src: #0, dst: #1)
  5.103s: #1:    27ms Send(Message: id = "2020-01-01T01:01:01.000Z"-0-1-0, parents = [], need_ack = false, msg = SyncMessage { value: 0, reset: false, persist: false }, src = #1, origin = #2, retransmit = true)
  5.103s: #2:         Receive(SendMessageAndAllDescendants: messages: ["2020-01-01T01:01:01.000Z"-0-1-0], src: #0, dst: #1)
   5.13s: #0:         Receive(Message: id = "2020-01-01T01:01:01.000Z"-0-1-0, parents = [], need_ack = false, msg = SyncMessage { value: 0, reset: false, persist: false }, src = #1, origin = #2, retransmit = true)
   5.13s: #2:         Receive(Message: id = "2020-01-01T01:01:01.000Z"-0-1-0, parents = [], need_ack = false, msg = SyncMessage { value: 0, reset: false, persist: false }, src = #1, origin = #2, retransmit = true)
     10s: #1:     0ns Send(ReportHeads: cutoff: (0:0-0-0-0, 2019-12-31T23:44:00.000Z), heads: [Head { msg: "2020-01-01T01:01:01.000Z"-0-1-0, origin: Some(#2) }], src: #1, neigh: [#0, #2])
     10s: #0:         Receive(ReportHeads: cutoff: (0:0-0-0-0, 2019-12-31T23:44:00.000Z), heads: [Head { msg: "2020-01-01T01:01:01.000Z"-0-1-0, origin: Some(#2) }], src: #1, neigh: [#0, #2])
     10s: #0:     0ns Send(ReportHeads: cutoff: (0:0-0-0-0, 2019-12-31T23:44:00.000Z), heads: [Head { msg: "2020-01-01T01:01:01.000Z"-0-1-0, origin: Some(#1) }], src: #0, neigh: [#1, #2])
     10s: #2:         Receive(ReportHeads: cutoff: (0:0-0-0-0, 2019-12-31T23:44:00.000Z), heads: [Head { msg: "2020-01-01T01:01:01.000Z"-0-1-0, origin: Some(#2) }], src: #1, neigh: [#0, #2])
     10s: #2:         Receive(ReportHeads: cutoff: (0:0-0-0-0, 2019-12-31T23:44:00.000Z), heads: [Head { msg: "2020-01-01T01:01:01.000Z"-0-1-0, origin: Some(#1) }], src: #0, neigh: [#1, #2])
     10s: #2:     0ns Send(ReportHeads: cutoff: (0:0-0-0-0, 2019-12-31T23:44:00.000Z), heads: [Head { msg: "2020-01-01T01:01:01.000Z"-0-1-0, origin: Some(#1) }], src: #2, neigh: [#0, #1])
     10s: #1:         Receive(ReportHeads: cutoff: (0:0-0-0-0, 2019-12-31T23:44:00.000Z), heads: [Head { msg: "2020-01-01T01:01:01.000Z"-0-1-0, origin: Some(#1) }], src: #0, neigh: [#1, #2])
     10s: #1:         Receive(ReportHeads: cutoff: (0:0-0-0-0, 2019-12-31T23:44:00.000Z), heads: [Head { msg: "2020-01-01T01:01:01.000Z"-0-1-0, origin: Some(#1) }], src: #2, neigh: [#0, #1])
     10s: #0:         Receive(ReportHeads: cutoff: (0:0-0-0-0, 2019-12-31T23:44:00.000Z), heads: [Head { msg: "2020-01-01T01:01:01.000Z"-0-1-0, origin: Some(#1) }], src: #2, neigh: [#0, #1])
     15s: #2:     0ns Send(ReportHeads: cutoff: (0:0-0-0-0, 2019-12-31T23:44:00.000Z), heads: [Head { msg: "2020-01-01T01:01:01.000Z"-0-1-0, origin: Some(#1) }], src: #2, neigh: [#0, #1])
     15s: #1:         Receive(ReportHeads: cutoff: (0:0-0-0-0, 2019-12-31T23:44:00.000Z), heads: [Head { msg: "2020-01-01T01:01:01.000Z"-0-1-0, origin: Some(#1) }], src: #2, neigh: [#0, #1])
     15s: #1:     0ns Send(ReportHeads: cutoff: (0:0-0-0-0, 2019-12-31T23:44:00.000Z), heads: [Head { msg: "2020-01-01T01:01:01.000Z"-0-1-0, origin: Some(#2) }], src: #1, neigh: [#0, #2])
     15s: #0:         Receive(ReportHeads: cutoff: (0:0-0-0-0, 2019-12-31T23:44:00.000Z), heads: [Head { msg: "2020-01-01T01:01:01.000Z"-0-1-0, origin: Some(#1) }], src: #2, neigh: [#0, #1])
     15s: #0:         Receive(ReportHeads: cutoff: (0:0-0-0-0, 2019-12-31T23:44:00.000Z), heads: [Head { msg: "2020-01-01T01:01:01.000Z"-0-1-0, origin: Some(#2) }], src: #1, neigh: [#0, #2])
     15s: #0:     0ns Send(ReportHeads: cutoff: (0:0-0-0-0, 2019-12-31T23:44:00.000Z), heads: [Head { msg: "2020-01-01T01:01:01.000Z"-0-1-0, origin: Some(#1) }], src: #0, neigh: [#1, #2])
     15s: #2:         Receive(ReportHeads: cutoff: (0:0-0-0-0, 2019-12-31T23:44:00.000Z), heads: [Head { msg: "2020-01-01T01:01:01.000Z"-0-1-0, origin: Some(#2) }], src: #1, neigh: [#0, #2])
     15s: #2:         Receive(ReportHeads: cutoff: (0:0-0-0-0, 2019-12-31T23:44:00.000Z), heads: [Head { msg: "2020-01-01T01:01:01.000Z"-0-1-0, origin: Some(#1) }], src: #0, neigh: [#1, #2])
     15s: #1:         Receive(ReportHeads: cutoff: (0:0-0-0-0, 2019-12-31T23:44:00.000Z), heads: [Head { msg: "2020-01-01T01:01:01.000Z"-0-1-0, origin: Some(#1) }], src: #0, neigh: [#1, #2])
     20s: #0:     0ns Send(ReportHeads: cutoff: (0:0-0-0-0, 2019-12-31T23:44:00.000Z), heads: [Head { msg: "2020-01-01T01:01:01.000Z"-0-1-0, origin: Some(#1) }], src: #0, neigh: [#1, #2])
     20s: #2:         Receive(ReportHeads: cutoff: (0:0-0-0-0, 2019-12-31T23:44:00.000Z), heads: [Head { msg: "2020-01-01T01:01:01.000Z"-0-1-0, origin: Some(#1) }], src: #0, neigh: [#1, #2])
     20s: #2:     0ns Send(ReportHeads: cutoff: (0:0-0-0-0, 2019-12-31T23:44:00.000Z), heads: [Head { msg: "2020-01-01T01:01:01.000Z"-0-1-0, origin: Some(#1) }], src: #2, neigh: [#0, #1])
     20s: #1:         Receive(ReportHeads: cutoff: (0:0-0-0-0, 2019-12-31T23:44:00.000Z), heads: [Head { msg: "2020-01-01T01:01:01.000Z"-0-1-0, origin: Some(#1) }], src: #0, neigh: [#1, #2])
     20s: #1:         Receive(ReportHeads: cutoff: (0:0-0-0-0, 2019-12-31T23:44:00.000Z), heads: [Head { msg: "2020-01-01T01:01:01.000Z"-0-1-0, origin: Some(#1) }], src: #2, neigh: [#0, #1])
     20s: #1:     0ns Send(ReportHeads: cutoff: (0:0-0-0-0, 2019-12-31T23:44:00.000Z), heads: [Head { msg: "2020-01-01T01:01:01.000Z"-0-1-0, origin: Some(#2) }], src: #1, neigh: [#0, #2])
     20s: #0:         Receive(ReportHeads: cutoff: (0:0-0-0-0, 2019-12-31T23:44:00.000Z), heads: [Head { msg: "2020-01-01T01:01:01.000Z"-0-1-0, origin: Some(#1) }], src: #2, neigh: [#0, #1])
     20s: #0:         Receive(ReportHeads: cutoff: (0:0-0-0-0, 2019-12-31T23:44:00.000Z), heads: [Head { msg: "2020-01-01T01:01:01.000Z"-0-1-0, origin: Some(#2) }], src: #1, neigh: [#0, #2])
     20s: #2:         Receive(ReportHeads: cutoff: (0:0-0-0-0, 2019-12-31T23:44:00.000Z), heads: [Head { msg: "2020-01-01T01:01:01.000Z"-0-1-0, origin: Some(#2) }], src: #1, neigh: [#0, #2])
     25s: #1:     0ns Send(ReportHeads: cutoff: (0:0-0-0-0, 2019-12-31T23:44:00.000Z), heads: [Head { msg: "2020-01-01T01:01:01.000Z"-0-1-0, origin: Some(#2) }], src: #1, neigh: [#0, #2])
     25s: #0:         Receive(ReportHeads: cutoff: (0:0-0-0-0, 2019-12-31T23:44:00.000Z), heads: [Head { msg: "2020-01-01T01:01:01.000Z"-0-1-0, origin: Some(#2) }], src: #1, neigh: [#0, #2])
     25s: #0:     0ns Send(ReportHeads: cutoff: (0:0-0-0-0, 2019-12-31T23:44:00.000Z), heads: [Head { msg: "2020-01-01T01:01:01.000Z"-0-1-0, origin: Some(#1) }], src: #0, neigh: [#1, #2])
     25s: #2:         Receive(ReportHeads: cutoff: (0:0-0-0-0, 2019-12-31T23:44:00.000Z), heads: [Head { msg: "2020-01-01T01:01:01.000Z"-0-1-0, origin: Some(#2) }], src: #1, neigh: [#0, #2])
     25s: #2:         Receive(ReportHeads: cutoff: (0:0-0-0-0, 2019-12-31T23:44:00.000Z), heads: [Head { msg: "2020-01-01T01:01:01.000Z"-0-1-0, origin: Some(#1) }], src: #0, neigh: [#1, #2])
     25s: #2:     0ns Send(ReportHeads: cutoff: (0:0-0-0-0, 2019-12-31T23:44:00.000Z), heads: [Head { msg: "2020-01-01T01:01:01.000Z"-0-1-0, origin: Some(#1) }], src: #2, neigh: [#0, #1])
     25s: #1:         Receive(ReportHeads: cutoff: (0:0-0-0-0, 2019-12-31T23:44:00.000Z), heads: [Head { msg: "2020-01-01T01:01:01.000Z"-0-1-0, origin: Some(#1) }], src: #0, neigh: [#1, #2])
     25s: #1:         Receive(ReportHeads: cutoff: (0:0-0-0-0, 2019-12-31T23:44:00.000Z), heads: [Head { msg: "2020-01-01T01:01:01.000Z"-0-1-0, origin: Some(#1) }], src: #2, neigh: [#0, #1])
     25s: #0:         Receive(ReportHeads: cutoff: (0:0-0-0-0, 2019-12-31T23:44:00.000Z), heads: [Head { msg: "2020-01-01T01:01:01.000Z"-0-1-0, origin: Some(#1) }], src: #2, neigh: [#0, #1])
