---
source: src/tests/all_up_sync_test.rs
expression: driver.messages_snapshot()
---
     0ns: #0:    10ms Send(ReportHeads: cutoff: (0:0-0-0-0, 2019-12-31T23:44:00.000Z), heads: [], src: #0, neigh: [])
     0ns: #0:    65ms Send(Message: id = "*00:00.000Z"-0-0-0, parents = [], need_ack = false, msg = SyncMessage { value: 1, reset: false, persist: false }, src = #0, origin = #0, retransmit = false)
     0ns: #1:    10ms Send(ReportHeads: cutoff: (0:0-0-0-0, 2019-12-31T23:44:00.000Z), heads: [], src: #1, neigh: [])
     0ns: #1:    65ms Send(Message: id = "*00:00.000Z"-1-0-0, parents = [], need_ack = false, msg = SyncMessage { value: 2, reset: false, persist: false }, src = #1, origin = #1, retransmit = false)
    10ms: #0:         Receive(ReportHeads: cutoff: (0:0-0-0-0, 2019-12-31T23:44:00.000Z), heads: [], src: #1, neigh: [])
    10ms: #1:         Receive(ReportHeads: cutoff: (0:0-0-0-0, 2019-12-31T23:44:00.000Z), heads: [], src: #0, neigh: [])
    65ms: #1:         Receive(Message: id = "*00:00.000Z"-0-0-0, parents = [], need_ack = false, msg = SyncMessage { value: 1, reset: false, persist: false }, src = #0, origin = #0, retransmit = false)
    65ms: #0:         Receive(Message: id = "*00:00.000Z"-1-0-0, parents = [], need_ack = false, msg = SyncMessage { value: 2, reset: false, persist: false }, src = #1, origin = #1, retransmit = false)
      5s: #1:     0ns Send(ReportHeads: cutoff: (0:0-0-0-0, 2019-12-31T23:44:00.000Z), heads: [Head { msg: "*00:00.000Z"-0-0-0, origin: Some(#0) }, Head { msg: "*00:00.000Z"-1-0-0, origin: None }], src: #1, neigh: [#0])
      5s: #0:     0ns Send(ReportHeads: cutoff: (0:0-0-0-0, 2019-12-31T23:44:00.000Z), heads: [Head { msg: "*00:00.000Z"-0-0-0, origin: None }, Head { msg: "*00:00.000Z"-1-0-0, origin: Some(#1) }], src: #0, neigh: [#1])
      5s: #0:         Receive(ReportHeads: cutoff: (0:0-0-0-0, 2019-12-31T23:44:00.000Z), heads: [Head { msg: "*00:00.000Z"-0-0-0, origin: Some(#0) }, Head { msg: "*00:00.000Z"-1-0-0, origin: None }], src: #1, neigh: [#0])
      5s: #1:         Receive(ReportHeads: cutoff: (0:0-0-0-0, 2019-12-31T23:44:00.000Z), heads: [Head { msg: "*00:00.000Z"-0-0-0, origin: None }, Head { msg: "*00:00.000Z"-1-0-0, origin: Some(#1) }], src: #0, neigh: [#1])
